

==================================================================================
=== CALIBRE::DRC-H SUMMARY REPORT
===
Execution Date/Time:       Thu Oct 16 20:39:38 2025
Calibre Version:           v2022.4_28.13    Tue Nov 1 14:48:34 PDT 2022
Rule File Pathname:        ./drc.cmd
Rule File Title:           
Layout System:             GDS
Layout Path(s):            /home/master/Desktop/04_pv/merge/Calibredrv/top_merge.gds
Layout Primary Cell:       top
Current Directory:         /home/master/Desktop/04_pv/drc
User Name:                 master
Maximum Results/RuleCheck: 1000
Maximum Result Vertices:   4096
DRC Results Database:      ./drc.db (ASCII)
Layout Depth:              ALL
Text Depth:                PRIMARY
Summary Report File:       ./drc.rpt (REPLACE)
Geometry Flagging:         ACUTE = YES  SKEW = YES  ANGLED = NO  OFFGRID = YES
                           NONSIMPLE POLYGON = YES  NONSIMPLE PATH = NO
Excluded Cells:           
CheckText Mapping:         COMMENT TEXT + RULE FILE INFORMATION
Layers:                    MEMORY-BASED
Keep Empty Checks:         YES
----------------------------------------------------------------------------------
--- RUNTIME WARNINGS
---
Maximum result count of 1000 exceeded in DRC RuleCheck M1_8_density.
Maximum result count of 1000 exceeded in DRC RuleCheck M1_8d_density.
Maximum result count of 1000 exceeded in DRC RuleCheck M2_7f_density.
Maximum result count of 1000 exceeded in DRC RuleCheck M3_7_density.
Maximum result count of 1000 exceeded in DRC RuleCheck M3_7f_density.
MAXIMUM RDB limit 1000 reached for output layer M3_15::X.
Maximum result count of 1000 exceeded in DRC RuleCheck M3_15.
Maximum result count of 1000 exceeded in DRC RuleCheck M4_7_density.
Maximum result count of 1000 exceeded in DRC RuleCheck M4_7f_density.
MAXIMUM RDB limit 1000 reached for output layer M4_15::X.
Maximum result count of 1000 exceeded in DRC RuleCheck M4_15.
Maximum result count of 1000 exceeded in DRC RuleCheck M5_7_density.
Maximum result count of 1000 exceeded in DRC RuleCheck M5_7f_density.
MAXIMUM RDB limit 1000 reached for output layer M5_15::X.
Maximum result count of 1000 exceeded in DRC RuleCheck M5_15.
MAXIMUM RDB limit 1000 reached for output layer M5_16_M3M4M5_density::OUT1.
Maximum result count of 1000 exceeded in DRC RuleCheck M6_7_density.
Maximum result count of 1000 exceeded in DRC RuleCheck M6_7f_density.
MAXIMUM RDB limit 1000 reached for output layer M6_15::X.
MAXIMUM RDB limit 1000 reached for output layer M6_16_M4M5M6_density::OUT1.
Maximum result count of 1000 exceeded in DRC RuleCheck IND_R_8_G_M1_density.
Maximum result count of 1000 exceeded in DRC RuleCheck IND_R_8_G_M2_density.
Maximum result count of 1000 exceeded in DRC RuleCheck IND_R_8_G_M3_density.
Maximum result count of 1000 exceeded in DRC RuleCheck IND_R_8_G_M4_density.
Maximum result count of 1000 exceeded in DRC RuleCheck IND_R_8_G_M5_density.
Maximum result count of 1000 exceeded in DRC RuleCheck IND_R_8_G_M6_density.
----------------------------------------------------------------------------------
--- ORIGINAL LAYER STATISTICS
---
LAYER MARKS ..... TOTAL Original Geometry Count = 0       (0)
LAYER M1DOP ..... TOTAL Original Geometry Count = 0       (0)
LAYER M1DUMi .... TOTAL Original Geometry Count = 0       (0)
LAYER M2DOP ..... TOTAL Original Geometry Count = 0       (0)
LAYER M2DUMi .... TOTAL Original Geometry Count = 0       (0)
LAYER M3DOP ..... TOTAL Original Geometry Count = 0       (0)
LAYER M3DUMi .... TOTAL Original Geometry Count = 0       (0)
LAYER M4DOP ..... TOTAL Original Geometry Count = 0       (0)
LAYER M4DUMi .... TOTAL Original Geometry Count = 0       (0)
LAYER M5DOP ..... TOTAL Original Geometry Count = 0       (0)
LAYER M5DUMi .... TOTAL Original Geometry Count = 0       (0)
LAYER M6DOP ..... TOTAL Original Geometry Count = 0       (0)
LAYER M6DUMi .... TOTAL Original Geometry Count = 0       (0)
LAYER M7DOP ..... TOTAL Original Geometry Count = 0       (0)
LAYER M7DUMi .... TOTAL Original Geometry Count = 0       (0)
LAYER M8DOP ..... TOTAL Original Geometry Count = 0       (0)
LAYER M8DUMi .... TOTAL Original Geometry Count = 0       (0)
LAYER V1DOP ..... TOTAL Original Geometry Count = 0       (0)
LAYER V1DUMi .... TOTAL Original Geometry Count = 0       (0)
LAYER V2DOP ..... TOTAL Original Geometry Count = 0       (0)
LAYER V2DUMi .... TOTAL Original Geometry Count = 0       (0)
LAYER V3DOP ..... TOTAL Original Geometry Count = 0       (0)
LAYER V3DUMi .... TOTAL Original Geometry Count = 0       (0)
LAYER V4DOP ..... TOTAL Original Geometry Count = 0       (0)
LAYER V4DUMi .... TOTAL Original Geometry Count = 0       (0)
LAYER V5DOP ..... TOTAL Original Geometry Count = 0       (0)
LAYER V5DUMi .... TOTAL Original Geometry Count = 0       (0)
LAYER V6DOP ..... TOTAL Original Geometry Count = 0       (0)
LAYER V6DUMi .... TOTAL Original Geometry Count = 0       (0)
LAYER V7DOP ..... TOTAL Original Geometry Count = 0       (0)
LAYER V7DUMi .... TOTAL Original Geometry Count = 0       (0)
LAYER TM1DUMi ... TOTAL Original Geometry Count = 0       (0)
LAYER TM2DUMi ... TOTAL Original Geometry Count = 0       (0)
LAYER MTT2DMi ... TOTAL Original Geometry Count = 0       (0)
LAYER AAi ....... TOTAL Original Geometry Count = 4048    (27361879)
LAYER NWi ....... TOTAL Original Geometry Count = 1075    (5703439)
LAYER DNWi ...... TOTAL Original Geometry Count = 0       (0)
LAYER DGi ....... TOTAL Original Geometry Count = 0       (0)
LAYER GTi ....... TOTAL Original Geometry Count = 10862   (17389172)
LAYER SNi ....... TOTAL Original Geometry Count = 1729    (5821048)
LAYER SPi ....... TOTAL Original Geometry Count = 1387    (5779368)
LAYER SABi ...... TOTAL Original Geometry Count = 0       (0)
LAYER CTi ....... TOTAL Original Geometry Count = 39793   (35122575)
LAYER M1i ....... TOTAL Original Geometry Count = 130738  (28080610)
LAYER V1i ....... TOTAL Original Geometry Count = 96241   (34007729)
LAYER M2i ....... TOTAL Original Geometry Count = 277246  (22759857)
LAYER V2i ....... TOTAL Original Geometry Count = 1516714 (12352813)
LAYER M3i ....... TOTAL Original Geometry Count = 184994  (17657056)
LAYER V3i ....... TOTAL Original Geometry Count = 1466374 (2634539)
LAYER M4i ....... TOTAL Original Geometry Count = 91327   (1700788)
LAYER V4i ....... TOTAL Original Geometry Count = 1491663 (1491663)
LAYER M5i ....... TOTAL Original Geometry Count = 67021   (67021)
LAYER V5i ....... TOTAL Original Geometry Count = 1452635 (1452635)
LAYER M6i ....... TOTAL Original Geometry Count = 59089   (59089)
LAYER V6i ....... TOTAL Original Geometry Count = 0       (0)
LAYER M7i ....... TOTAL Original Geometry Count = 0       (0)
LAYER V7i ....... TOTAL Original Geometry Count = 0       (0)
LAYER M8i ....... TOTAL Original Geometry Count = 0       (0)
LAYER TV1i ...... TOTAL Original Geometry Count = 284798  (284798)
LAYER TM1i ...... TOTAL Original Geometry Count = 31267   (31267)
LAYER TV2i ...... TOTAL Original Geometry Count = 150368  (150368)
LAYER TM2i ...... TOTAL Original Geometry Count = 2478    (2478)
LAYER MTT2i ..... TOTAL Original Geometry Count = 0       (0)
LAYER SDOPi ..... TOTAL Original Geometry Count = 8       (5324800)
LAYER TGi ....... TOTAL Original Geometry Count = 0       (0)
LAYER PSUBi ..... TOTAL Original Geometry Count = 0       (0)
LAYER HRPi ...... TOTAL Original Geometry Count = 0       (0)
LAYER ULVTi ..... TOTAL Original Geometry Count = 0       (0)
LAYER OCOVLi .... TOTAL Original Geometry Count = 0       (0)
LAYER DUPMK1i ... TOTAL Original Geometry Count = 0       (0)
LAYER ESD1i ..... TOTAL Original Geometry Count = 0       (0)
LAYER ALPAi ..... TOTAL Original Geometry Count = 0       (0)
LAYER BORDERi ... TOTAL Original Geometry Count = 736     (5758149)
LAYER RFSRAM .... TOTAL Original Geometry Count = 0       (0)
LAYER D2SRAM .... TOTAL Original Geometry Count = 0       (0)
LAYER LRSRAM .... TOTAL Original Geometry Count = 0       (0)
LAYER DNSRAM .... TOTAL Original Geometry Count = 28      (5372000)
LAYER AADUM ..... TOTAL Original Geometry Count = 0       (0)
LAYER GTDUM ..... TOTAL Original Geometry Count = 0       (0)
LAYER ALDUM ..... TOTAL Original Geometry Count = 0       (0)
LAYER HRPDMY .... TOTAL Original Geometry Count = 0       (0)
LAYER RESP1 ..... TOTAL Original Geometry Count = 0       (0)
LAYER RESNW ..... TOTAL Original Geometry Count = 0       (0)
LAYER PLRES ..... TOTAL Original Geometry Count = 0       (0)
LAYER M6R ....... TOTAL Original Geometry Count = 0       (0)
LAYER LDBK ...... TOTAL Original Geometry Count = 0       (0)
LAYER RESAA ..... TOTAL Original Geometry Count = 0       (0)
LAYER M1V15 ..... TOTAL Original Geometry Count = 0       (0)
LAYER M2V15 ..... TOTAL Original Geometry Count = 0       (0)
LAYER M3V15 ..... TOTAL Original Geometry Count = 0       (0)
LAYER M4V15 ..... TOTAL Original Geometry Count = 0       (0)
LAYER M5V15 ..... TOTAL Original Geometry Count = 0       (0)
LAYER M6V15 ..... TOTAL Original Geometry Count = 0       (0)
LAYER M1V18 ..... TOTAL Original Geometry Count = 0       (0)
LAYER M2V18 ..... TOTAL Original Geometry Count = 0       (0)
LAYER M3V18 ..... TOTAL Original Geometry Count = 0       (0)
LAYER M4V18 ..... TOTAL Original Geometry Count = 0       (0)
LAYER M5V18 ..... TOTAL Original Geometry Count = 0       (0)
LAYER M6V18 ..... TOTAL Original Geometry Count = 0       (0)
LAYER M1V25 ..... TOTAL Original Geometry Count = 0       (0)
LAYER M2V25 ..... TOTAL Original Geometry Count = 0       (0)
LAYER M3V25 ..... TOTAL Original Geometry Count = 0       (0)
LAYER M4V25 ..... TOTAL Original Geometry Count = 0       (0)
LAYER M5V25 ..... TOTAL Original Geometry Count = 0       (0)
LAYER M6V25 ..... TOTAL Original Geometry Count = 0       (0)
LAYER M1V33 ..... TOTAL Original Geometry Count = 0       (0)
LAYER M2V33 ..... TOTAL Original Geometry Count = 0       (0)
LAYER M3V33 ..... TOTAL Original Geometry Count = 0       (0)
LAYER M4V33 ..... TOTAL Original Geometry Count = 0       (0)
LAYER M5V33 ..... TOTAL Original Geometry Count = 0       (0)
LAYER M6V33 ..... TOTAL Original Geometry Count = 0       (0)
LAYER M1V50 ..... TOTAL Original Geometry Count = 0       (0)
LAYER M2V50 ..... TOTAL Original Geometry Count = 0       (0)
LAYER M3V50 ..... TOTAL Original Geometry Count = 0       (0)
LAYER M4V50 ..... TOTAL Original Geometry Count = 0       (0)
LAYER M5V50 ..... TOTAL Original Geometry Count = 0       (0)
LAYER M6V50 ..... TOTAL Original Geometry Count = 0       (0)
LAYER DIFRES .... TOTAL Original Geometry Count = 0       (0)
LAYER PA ........ TOTAL Original Geometry Count = 0       (0)
LAYER MD ........ TOTAL Original Geometry Count = 0       (0)
LAYER EMPTY2 .... TOTAL Original Geometry Count = 0       (0)
LAYER EMPTY ..... TOTAL Original Geometry Count = 0       (0)
LAYER PTCT ...... TOTAL Original Geometry Count = 0       (0)
LAYER LOGO ...... TOTAL Original Geometry Count = 0       (0)
LAYER DUMBM ..... TOTAL Original Geometry Count = 0       (0)
LAYER INST ...... TOTAL Original Geometry Count = 40      (15868000)
LAYER INDMY ..... TOTAL Original Geometry Count = 0       (0)
LAYER ESDIO2 .... TOTAL Original Geometry Count = 0       (0)
LAYER ESD5V ..... TOTAL Original Geometry Count = 0       (0)
LAYER EMPTY6 .... TOTAL Original Geometry Count = 0       (0)
LAYER VDDMK1 .... TOTAL Original Geometry Count = 0       (0)
LAYER VSSMK1 .... TOTAL Original Geometry Count = 0       (0)
LAYER OVERDR .... TOTAL Original Geometry Count = 0       (0)
LAYER SIOTP ..... TOTAL Original Geometry Count = 0       (0)
LAYER DUMBA ..... TOTAL Original Geometry Count = 1       (10)
LAYER VARMOS .... TOTAL Original Geometry Count = 0       (0)
LAYER HVT ....... TOTAL Original Geometry Count = 87      (283300)
LAYER LVT ....... TOTAL Original Geometry Count = 476     (16144)
LAYER CAPBP ..... TOTAL Original Geometry Count = 0       (0)
LAYER DSTR ...... TOTAL Original Geometry Count = 66      (1280)
LAYER DMPNP ..... TOTAL Original Geometry Count = 0       (0)
LAYER DGV ....... TOTAL Original Geometry Count = 0       (0)
LAYER TGV ....... TOTAL Original Geometry Count = 0       (0)
LAYER EFUSE ..... TOTAL Original Geometry Count = 0       (0)
LAYER OTPMK1 .... TOTAL Original Geometry Count = 0       (0)
LAYER OCCD ...... TOTAL Original Geometry Count = 0       (0)
LAYER DUMBP ..... TOTAL Original Geometry Count = 1       (10)
LAYER GTFUSE .... TOTAL Original Geometry Count = 0       (0)
LAYER MOMDMY .... TOTAL Original Geometry Count = 0       (0)
LAYER M1R ....... TOTAL Original Geometry Count = 0       (0)
LAYER MOMMK1 .... TOTAL Original Geometry Count = 0       (0)
LAYER M2R ....... TOTAL Original Geometry Count = 0       (0)
LAYER MOMMK2 .... TOTAL Original Geometry Count = 0       (0)
LAYER MOMMK3 .... TOTAL Original Geometry Count = 0       (0)
LAYER MOMMK4 .... TOTAL Original Geometry Count = 0       (0)
LAYER MOMMK5 .... TOTAL Original Geometry Count = 0       (0)
LAYER MOMMK6 .... TOTAL Original Geometry Count = 0       (0)
LAYER M3R ....... TOTAL Original Geometry Count = 0       (0)
LAYER M4R ....... TOTAL Original Geometry Count = 0       (0)
LAYER M5R ....... TOTAL Original Geometry Count = 0       (0)
LAYER TM1R ...... TOTAL Original Geometry Count = 0       (0)
LAYER MARKG ..... TOTAL Original Geometry Count = 0       (0)
LAYER TM2R ...... TOTAL Original Geometry Count = 0       (0)
LAYER FUSEMK1 ... TOTAL Original Geometry Count = 0       (0)
LAYER M1DUB ..... TOTAL Original Geometry Count = 1       (10)
LAYER M2DUB ..... TOTAL Original Geometry Count = 1       (10)
LAYER M3DUB ..... TOTAL Original Geometry Count = 1       (10)
LAYER M4DUB ..... TOTAL Original Geometry Count = 1       (10)
LAYER M5DUB ..... TOTAL Original Geometry Count = 0       (0)
LAYER M6DUB ..... TOTAL Original Geometry Count = 0       (0)
LAYER M7DUB ..... TOTAL Original Geometry Count = 0       (0)
LAYER M8DUB ..... TOTAL Original Geometry Count = 0       (0)
LAYER MOMMK7 .... TOTAL Original Geometry Count = 0       (0)
LAYER MOMMK8 .... TOTAL Original Geometry Count = 0       (0)
LAYER LUWMK1 .... TOTAL Original Geometry Count = 0       (0)
LAYER TM1DUB .... TOTAL Original Geometry Count = 0       (0)
LAYER TM2DUB .... TOTAL Original Geometry Count = 0       (0)
LAYER ALDUB ..... TOTAL Original Geometry Count = 0       (0)
LAYER HPBL ...... TOTAL Original Geometry Count = 0       (0)
----------------------------------------------------------------------------------
--- RULECHECK RESULTS STATISTICS
---
RULECHECK DGR_3 ........................ TOTAL Result Count = 0    (0)
RULECHECK AA_1 ......................... TOTAL Result Count = 0    (0)
RULECHECK SRAA_1sa ..................... TOTAL Result Count = 0    (0)
RULECHECK AA_1a ........................ TOTAL Result Count = 0    (0)
RULECHECK AA_2 ......................... TOTAL Result Count = 0    (0)
RULECHECK AA_4a ........................ TOTAL Result Count = 0    (0)
RULECHECK SRAA_4a ...................... TOTAL Result Count = 0    (0)
RULECHECK SRAA_4c ...................... TOTAL Result Count = 0    (0)
RULECHECK AA_4b_4c ..................... TOTAL Result Count = 0    (0)
RULECHECK AA_4d ........................ TOTAL Result Count = 0    (0)
RULECHECK AA_4e_R_ON ................... TOTAL Result Count = 8    (8)
RULECHECK AA_9 ......................... TOTAL Result Count = 0    (0)
RULECHECK SRAA_9 ....................... TOTAL Result Count = 0    (0)
RULECHECK AA_9a ........................ TOTAL Result Count = 0    (0)
RULECHECK AA_10_R_ON ................... TOTAL Result Count = 0    (0)
RULECHECK AA_11 ........................ TOTAL Result Count = 0    (0)
RULECHECK AA_12_R_ON ................... TOTAL Result Count = 0    (0)
RULECHECK AA_13 ........................ TOTAL Result Count = 0    (0)
RULECHECK AA_13a_R_OFF ................. NOT EXECUTED
RULECHECK AA_14_a_density .............. TOTAL Result Count = 0    (0)
RULECHECK AA_14_b_density .............. TOTAL Result Count = 0    (0)
RULECHECK AA_14a_a_density ............. TOTAL Result Count = 0    (0)
RULECHECK AA_14a_b_density ............. TOTAL Result Count = 0    (0)
RULECHECK AA_15a_R_density_OFF ......... NOT EXECUTED
RULECHECK AA_15b_R_density_OFF ......... NOT EXECUTED
RULECHECK AA_16 ........................ TOTAL Result Count = 0    (0)
RULECHECK AA_17 ........................ TOTAL Result Count = 0    (0)
RULECHECK AA_18 ........................ TOTAL Result Count = 0    (0)
RULECHECK AA_19 ........................ TOTAL Result Count = 0    (0)
RULECHECK AA_20 ........................ TOTAL Result Count = 0    (0)
RULECHECK AA_21 ........................ TOTAL Result Count = 0    (0)
RULECHECK AA_22_a_density .............. TOTAL Result Count = 0    (0)
RULECHECK AA_22_b_density .............. TOTAL Result Count = 0    (0)
RULECHECK AA_23_R_OFF .................. NOT EXECUTED
RULECHECK RESAA_2 ...................... TOTAL Result Count = 0    (0)
RULECHECK RESAA_3 ...................... TOTAL Result Count = 0    (0)
RULECHECK RESAA_4 ...................... TOTAL Result Count = 0    (0)
RULECHECK RESAA_5 ...................... TOTAL Result Count = 0    (0)
RULECHECK RESAA_6 ...................... TOTAL Result Count = 0    (0)
RULECHECK RESAA_7 ...................... TOTAL Result Count = 0    (0)
RULECHECK RESAA_9 ...................... TOTAL Result Count = 0    (0)
RULECHECK RESAA_10 ..................... TOTAL Result Count = 0    (0)
RULECHECK RESAA_12 ..................... TOTAL Result Count = 0    (0)
RULECHECK RESAA_13 ..................... TOTAL Result Count = 0    (0)
RULECHECK RESAA_14 ..................... TOTAL Result Count = 0    (0)
RULECHECK AA_C_1 ....................... TOTAL Result Count = 0    (0)
RULECHECK AA_C_3 ....................... TOTAL Result Count = 0    (0)
RULECHECK AA_C_4 ....................... TOTAL Result Count = 0    (0)
RULECHECK AA_C_5_R_OFF ................. NOT EXECUTED
RULECHECK DIFRES_1 ..................... TOTAL Result Count = 0    (0)
RULECHECK DIFRES_2 ..................... TOTAL Result Count = 0    (0)
RULECHECK DIFRES_3 ..................... TOTAL Result Count = 0    (0)
RULECHECK DIFRES_4 ..................... TOTAL Result Count = 0    (0)
RULECHECK DIFRES_5 ..................... TOTAL Result Count = 0    (0)
RULECHECK DIFRES_6 ..................... TOTAL Result Count = 0    (0)
RULECHECK DIFRES_7 ..................... TOTAL Result Count = 0    (0)
RULECHECK DIFRES_8 ..................... TOTAL Result Count = 0    (0)
RULECHECK DIFRES_9 ..................... TOTAL Result Count = 0    (0)
RULECHECK DIFRES_10 .................... TOTAL Result Count = 0    (0)
RULECHECK DIFRES_11 .................... TOTAL Result Count = 0    (0)
RULECHECK DIFRES_12 .................... TOTAL Result Count = 0    (0)
RULECHECK DNW_1 ........................ TOTAL Result Count = 0    (0)
RULECHECK DNW_2 ........................ TOTAL Result Count = 0    (0)
RULECHECK DNW_2a ....................... TOTAL Result Count = 0    (0)
RULECHECK DNW_3 ........................ TOTAL Result Count = 0    (0)
RULECHECK DNW_4 ........................ TOTAL Result Count = 0    (0)
RULECHECK DNW_4a ....................... TOTAL Result Count = 0    (0)
RULECHECK DNW_7 ........................ TOTAL Result Count = 0    (0)
RULECHECK DNW_8 ........................ TOTAL Result Count = 0    (0)
RULECHECK DNW_9 ........................ TOTAL Result Count = 0    (0)
RULECHECK NW_1 ......................... TOTAL Result Count = 0    (0)
RULECHECK SRNW_1 ....................... TOTAL Result Count = 0    (0)
RULECHECK NW_1a ........................ TOTAL Result Count = 0    (0)
RULECHECK NW_3 ......................... TOTAL Result Count = 0    (0)
RULECHECK NW_4 ......................... TOTAL Result Count = 0    (0)
RULECHECK NW_7 ......................... TOTAL Result Count = 0    (0)
RULECHECK NW_8 ......................... TOTAL Result Count = 0    (0)
RULECHECK NW_9 ......................... TOTAL Result Count = 0    (0)
RULECHECK NW_10 ........................ TOTAL Result Count = 0    (0)
RULECHECK NW_11_R_ON ................... TOTAL Result Count = 0    (0)
RULECHECK NW_12_R_ON ................... TOTAL Result Count = 0    (0)
RULECHECK SRNW_13 ...................... TOTAL Result Count = 0    (0)
RULECHECK SRNW_14 ...................... TOTAL Result Count = 0    (0)
RULECHECK SRNW_15 ...................... TOTAL Result Count = 0    (0)
RULECHECK NW_13 ........................ TOTAL Result Count = 0    (0)
RULECHECK NW_14 ........................ TOTAL Result Count = 0    (0)
RULECHECK NW_15 ........................ TOTAL Result Count = 0    (0)
RULECHECK NW_16 ........................ TOTAL Result Count = 0    (0)
RULECHECK NW_17_R_OFF .................. NOT EXECUTED
RULECHECK RESNWST_1_2 .................. TOTAL Result Count = 0    (0)
RULECHECK RESNWST_3 .................... TOTAL Result Count = 0    (0)
RULECHECK RESNWST_4 .................... TOTAL Result Count = 0    (0)
RULECHECK RESNWST_5 .................... TOTAL Result Count = 0    (0)
RULECHECK RESNWST_6 .................... TOTAL Result Count = 0    (0)
RULECHECK RESNWST_7 .................... TOTAL Result Count = 0    (0)
RULECHECK RESNWST_8 .................... TOTAL Result Count = 0    (0)
RULECHECK RESNWST_9 .................... TOTAL Result Count = 0    (0)
RULECHECK RESNWST_10 ................... TOTAL Result Count = 0    (0)
RULECHECK RESNWST_11 ................... TOTAL Result Count = 0    (0)
RULECHECK RESNWAA_1 .................... TOTAL Result Count = 0    (0)
RULECHECK RESNWAA_2_3 .................. TOTAL Result Count = 0    (0)
RULECHECK RESNWAA_4 .................... TOTAL Result Count = 0    (0)
RULECHECK RESNWAA_5 .................... TOTAL Result Count = 0    (0)
RULECHECK RESNWAA_6 .................... TOTAL Result Count = 0    (0)
RULECHECK RESNWAA_7 .................... TOTAL Result Count = 0    (0)
RULECHECK RESNWAA_8 .................... TOTAL Result Count = 0    (0)
RULECHECK RESNWAA_9 .................... TOTAL Result Count = 0    (0)
RULECHECK RESNWAA_10 ................... TOTAL Result Count = 0    (0)
RULECHECK RESNWAA_11 ................... TOTAL Result Count = 0    (0)
RULECHECK RESNWAA_12 ................... TOTAL Result Count = 0    (0)
RULECHECK RESNWAA_13 ................... TOTAL Result Count = 0    (0)
RULECHECK RESNWAA_14 ................... TOTAL Result Count = 0    (0)
RULECHECK PSUB_1 ....................... TOTAL Result Count = 0    (0)
RULECHECK PSUB_2 ....................... TOTAL Result Count = 0    (0)
RULECHECK PSUB_3a ...................... TOTAL Result Count = 0    (0)
RULECHECK PSUB_3b ...................... TOTAL Result Count = 0    (0)
RULECHECK PSUB_3cde .................... TOTAL Result Count = 0    (0)
RULECHECK PSUB_4 ....................... TOTAL Result Count = 0    (0)
RULECHECK PSUB_5 ....................... TOTAL Result Count = 0    (0)
RULECHECK PSUB_6 ....................... TOTAL Result Count = 0    (0)
RULECHECK PSUB_7 ....................... TOTAL Result Count = 0    (0)
RULECHECK PSUB_9 ....................... TOTAL Result Count = 0    (0)
RULECHECK PSUB_10 ...................... TOTAL Result Count = 0    (0)
RULECHECK PSUB_11 ...................... TOTAL Result Count = 0    (0)
RULECHECK PSUB_12 ...................... TOTAL Result Count = 0    (0)
RULECHECK PSUB_14 ...................... TOTAL Result Count = 0    (0)
RULECHECK PSUB_15 ...................... TOTAL Result Count = 0    (0)
RULECHECK PSUB_16_R_ON ................. TOTAL Result Count = 0    (0)
RULECHECK SRDOP_101 .................... TOTAL Result Count = 0    (0)
RULECHECK SRDOP_102 .................... TOTAL Result Count = 0    (0)
RULECHECK SRDOP_103 .................... TOTAL Result Count = 0    (0)
RULECHECK SRDOP_104 .................... TOTAL Result Count = 0    (0)
RULECHECK SRDOP_105 .................... TOTAL Result Count = 0    (0)
RULECHECK TG_1 ......................... TOTAL Result Count = 0    (0)
RULECHECK TG_2 ......................... TOTAL Result Count = 0    (0)
RULECHECK TG_3 ......................... TOTAL Result Count = 0    (0)
RULECHECK TG_4 ......................... TOTAL Result Count = 0    (0)
RULECHECK TG_5 ......................... TOTAL Result Count = 0    (0)
RULECHECK TG_6 ......................... TOTAL Result Count = 0    (0)
RULECHECK TG_7 ......................... TOTAL Result Count = 0    (0)
RULECHECK TG_8 ......................... TOTAL Result Count = 0    (0)
RULECHECK TG_11_R_ON ................... TOTAL Result Count = 0    (0)
RULECHECK TG_12 ........................ TOTAL Result Count = 0    (0)
RULECHECK TG_13 ........................ TOTAL Result Count = 0    (0)
RULECHECK TG_14 ........................ TOTAL Result Count = 0    (0)
RULECHECK TG_15 ........................ TOTAL Result Count = 0    (0)
RULECHECK TG_16 ........................ TOTAL Result Count = 0    (0)
RULECHECK TG_16a ....................... TOTAL Result Count = 0    (0)
RULECHECK TG_17 ........................ TOTAL Result Count = 0    (0)
RULECHECK TG_18 ........................ TOTAL Result Count = 0    (0)
RULECHECK TG_19 ........................ TOTAL Result Count = 0    (0)
RULECHECK TG_20 ........................ TOTAL Result Count = 0    (0)
RULECHECK DG_1 ......................... TOTAL Result Count = 0    (0)
RULECHECK DG_2 ......................... TOTAL Result Count = 0    (0)
RULECHECK DG_3 ......................... TOTAL Result Count = 0    (0)
RULECHECK DG_4 ......................... TOTAL Result Count = 0    (0)
RULECHECK DG_5 ......................... TOTAL Result Count = 0    (0)
RULECHECK DG_6 ......................... TOTAL Result Count = 0    (0)
RULECHECK DG_7 ......................... TOTAL Result Count = 0    (0)
RULECHECK DG_8 ......................... TOTAL Result Count = 0    (0)
RULECHECK DG_11_R_ON ................... TOTAL Result Count = 0    (0)
RULECHECK DG_12 ........................ TOTAL Result Count = 0    (0)
RULECHECK DG_13 ........................ TOTAL Result Count = 0    (0)
RULECHECK DG_14 ........................ TOTAL Result Count = 0    (0)
RULECHECK GT_1a ........................ TOTAL Result Count = 0    (0)
RULECHECK GT_1a_R_OFF .................. NOT EXECUTED
RULECHECK GT_1b ........................ TOTAL Result Count = 0    (0)
RULECHECK GT_1c ........................ TOTAL Result Count = 0    (0)
RULECHECK GT_1d ........................ TOTAL Result Count = 0    (0)
RULECHECK GT_1e ........................ TOTAL Result Count = 0    (0)
RULECHECK GT_1fg ....................... TOTAL Result Count = 0    (0)
RULECHECK GT_1h ........................ TOTAL Result Count = 0    (0)
RULECHECK GT_2a ........................ TOTAL Result Count = 0    (0)
RULECHECK GT_2b_R_OFF .................. NOT EXECUTED
RULECHECK GT_3 ......................... TOTAL Result Count = 0    (0)
RULECHECK GT_3c ........................ TOTAL Result Count = 0    (0)
RULECHECK GT_3d ........................ TOTAL Result Count = 0    (0)
RULECHECK GT_3e ........................ TOTAL Result Count = 0    (0)
RULECHECK SRGT_3 ....................... TOTAL Result Count = 0    (0)
RULECHECK GT_4 ......................... TOTAL Result Count = 0    (0)
RULECHECK GT_5 ......................... TOTAL Result Count = 0    (0)
RULECHECK GT_5a_R_OFF .................. NOT EXECUTED
RULECHECK SRGT_5 ....................... TOTAL Result Count = 0    (0)
RULECHECK GT_6 ......................... TOTAL Result Count = 0    (0)
RULECHECK GT_6a_R_OFF .................. NOT EXECUTED
RULECHECK GT_6b_R_OFF .................. NOT EXECUTED
RULECHECK SRGT_6 ....................... TOTAL Result Count = 0    (0)
RULECHECK SRGT_7 ....................... TOTAL Result Count = 0    (0)
RULECHECK GT_8a ........................ TOTAL Result Count = 0    (0)
RULECHECK GT_9 ......................... TOTAL Result Count = 0    (0)
RULECHECK GT_10 ........................ TOTAL Result Count = 0    (0)
RULECHECK SRGT_10 ...................... TOTAL Result Count = 0    (0)
RULECHECK GT_17 ........................ TOTAL Result Count = 0    (0)
RULECHECK GT_17a_R_OFF ................. NOT EXECUTED
RULECHECK GT_18 ........................ TOTAL Result Count = 0    (0)
RULECHECK GT_18a_R_OFF ................. NOT EXECUTED
RULECHECK GT_20l_density ............... TOTAL Result Count = 0    (0)
RULECHECK GT_20h_density ............... TOTAL Result Count = 0    (0)
RULECHECK GT_20b_density ............... TOTAL Result Count = 0    (0)
RULECHECK GT_21 ........................ TOTAL Result Count = 0    (0)
RULECHECK GT_22 ........................ TOTAL Result Count = 0    (0)
RULECHECK GT_24 ........................ TOTAL Result Count = 0    (0)
RULECHECK GT_24b_R_OFF ................. NOT EXECUTED
RULECHECK GT_24c_R_OFF ................. NOT EXECUTED
RULECHECK GT_25 ........................ TOTAL Result Count = 0    (0)
RULECHECK GT_25b_R_OFF ................. NOT EXECUTED
RULECHECK GT_25c_R_OFF ................. NOT EXECUTED
RULECHECK GT_26 ........................ TOTAL Result Count = 16   (9246720)
RULECHECK GT_27 ........................ TOTAL Result Count = 0    (0)
RULECHECK GT_28 ........................ TOTAL Result Count = 0    (0)
RULECHECK GT_29 ........................ TOTAL Result Count = 0    (0)
RULECHECK GT_30 ........................ TOTAL Result Count = 0    (0)
RULECHECK GT_31_density ................ TOTAL Result Count = 8    (8)
RULECHECK GT_32_R_OFF .................. NOT EXECUTED
RULECHECK GT_33_R_OFF .................. NOT EXECUTED
RULECHECK GT_34_R_OFF .................. NOT EXECUTED
RULECHECK GT_35_R_OFF .................. NOT EXECUTED
RULECHECK RESP1_2 ...................... TOTAL Result Count = 0    (0)
RULECHECK RESP1_3 ...................... TOTAL Result Count = 0    (0)
RULECHECK RESP1_4 ...................... TOTAL Result Count = 0    (0)
RULECHECK RESP1_5 ...................... TOTAL Result Count = 0    (0)
RULECHECK RESP1_6 ...................... TOTAL Result Count = 0    (0)
RULECHECK RESP1_7 ...................... TOTAL Result Count = 0    (0)
RULECHECK RESP1_9 ...................... TOTAL Result Count = 0    (0)
RULECHECK RESP1_11 ..................... TOTAL Result Count = 0    (0)
RULECHECK RESP1_12 ..................... TOTAL Result Count = 0    (0)
RULECHECK RESP1_13 ..................... TOTAL Result Count = 0    (0)
RULECHECK RESP1_15 ..................... TOTAL Result Count = 0    (0)
RULECHECK PLRES_1 ...................... TOTAL Result Count = 0    (0)
RULECHECK PLRES_2 ...................... TOTAL Result Count = 0    (0)
RULECHECK PLRES_3 ...................... TOTAL Result Count = 0    (0)
RULECHECK PLRES_4 ...................... TOTAL Result Count = 0    (0)
RULECHECK PLRES_5 ...................... TOTAL Result Count = 0    (0)
RULECHECK PLRES_6 ...................... TOTAL Result Count = 0    (0)
RULECHECK PLRES_7 ...................... TOTAL Result Count = 0    (0)
RULECHECK PLRES_8 ...................... TOTAL Result Count = 0    (0)
RULECHECK PLRES_9 ...................... TOTAL Result Count = 0    (0)
RULECHECK PLRES_10 ..................... TOTAL Result Count = 0    (0)
RULECHECK LVT_1 ........................ TOTAL Result Count = 0    (0)
RULECHECK LVT_2 ........................ TOTAL Result Count = 0    (0)
RULECHECK LVT_4 ........................ TOTAL Result Count = 0    (0)
RULECHECK LVT_4a ....................... TOTAL Result Count = 0    (0)
RULECHECK LVT_5 ........................ TOTAL Result Count = 0    (0)
RULECHECK LVT_5a ....................... TOTAL Result Count = 0    (0)
RULECHECK LVT_6 ........................ TOTAL Result Count = 0    (0)
RULECHECK LVT_9 ........................ TOTAL Result Count = 0    (0)
RULECHECK LVT_10 ....................... TOTAL Result Count = 0    (0)
RULECHECK LVT_13 ....................... TOTAL Result Count = 0    (0)
RULECHECK HVT_1 ........................ TOTAL Result Count = 0    (0)
RULECHECK HVT_2 ........................ TOTAL Result Count = 0    (0)
RULECHECK HVT_4 ........................ TOTAL Result Count = 0    (0)
RULECHECK HVT_4a ....................... TOTAL Result Count = 0    (0)
RULECHECK HVT_5 ........................ TOTAL Result Count = 0    (0)
RULECHECK HVT_5a ....................... TOTAL Result Count = 0    (0)
RULECHECK HVT_6 ........................ TOTAL Result Count = 0    (0)
RULECHECK HVT_9 ........................ TOTAL Result Count = 0    (0)
RULECHECK HVT_10 ....................... TOTAL Result Count = 0    (0)
RULECHECK HVT_13 ....................... TOTAL Result Count = 0    (0)
RULECHECK SP_1 ......................... TOTAL Result Count = 0    (0)
RULECHECK SP_2 ......................... TOTAL Result Count = 0    (0)
RULECHECK SP_3a ........................ TOTAL Result Count = 0    (0)
RULECHECK SP_3b ........................ TOTAL Result Count = 0    (0)
RULECHECK SRSP_3a ...................... TOTAL Result Count = 0    (0)
RULECHECK SRSP_3b ...................... TOTAL Result Count = 0    (0)
RULECHECK SP_4 ......................... TOTAL Result Count = 0    (0)
RULECHECK SP_6 ......................... TOTAL Result Count = 0    (0)
RULECHECK SP_7a ........................ TOTAL Result Count = 0    (0)
RULECHECK SP_7b ........................ TOTAL Result Count = 0    (0)
RULECHECK SP_7c ........................ TOTAL Result Count = 0    (0)
RULECHECK SP_8c ........................ TOTAL Result Count = 0    (0)
RULECHECK SP_9 ......................... TOTAL Result Count = 0    (0)
RULECHECK SP_10 ........................ TOTAL Result Count = 0    (0)
RULECHECK SRSP_10 ...................... TOTAL Result Count = 0    (0)
RULECHECK SP_12 ........................ TOTAL Result Count = 0    (0)
RULECHECK SP_14 ........................ TOTAL Result Count = 0    (0)
RULECHECK SP_15 ........................ TOTAL Result Count = 0    (0)
RULECHECK SP_16 ........................ TOTAL Result Count = 0    (0)
RULECHECK SRSP_16 ...................... TOTAL Result Count = 0    (0)
RULECHECK SP_SN_17 ..................... TOTAL Result Count = 0    (0)
RULECHECK SP_18 ........................ TOTAL Result Count = 0    (0)
RULECHECK SP_20a ....................... TOTAL Result Count = 0    (0)
RULECHECK SN_1 ......................... TOTAL Result Count = 0    (0)
RULECHECK SN_2 ......................... TOTAL Result Count = 0    (0)
RULECHECK SN_3a ........................ TOTAL Result Count = 0    (0)
RULECHECK SN_3b ........................ TOTAL Result Count = 0    (0)
RULECHECK SRSN_3a ...................... TOTAL Result Count = 0    (0)
RULECHECK SRSN_3b ...................... TOTAL Result Count = 0    (0)
RULECHECK SN_4 ......................... TOTAL Result Count = 0    (0)
RULECHECK SN_6 ......................... TOTAL Result Count = 0    (0)
RULECHECK SN_7a ........................ TOTAL Result Count = 0    (0)
RULECHECK SN_7b ........................ TOTAL Result Count = 0    (0)
RULECHECK SN_7c ........................ TOTAL Result Count = 0    (0)
RULECHECK SN_8c ........................ TOTAL Result Count = 0    (0)
RULECHECK SN_9 ......................... TOTAL Result Count = 0    (0)
RULECHECK SN_10 ........................ TOTAL Result Count = 0    (0)
RULECHECK SRSN_10 ...................... TOTAL Result Count = 0    (0)
RULECHECK SN_12 ........................ TOTAL Result Count = 0    (0)
RULECHECK SN_14 ........................ TOTAL Result Count = 0    (0)
RULECHECK SN_15 ........................ TOTAL Result Count = 0    (0)
RULECHECK SN_16 ........................ TOTAL Result Count = 0    (0)
RULECHECK SRSN_16 ...................... TOTAL Result Count = 0    (0)
RULECHECK SN_18 ........................ TOTAL Result Count = 0    (0)
RULECHECK SRSN_18 ...................... TOTAL Result Count = 0    (0)
RULECHECK SN_20a ....................... TOTAL Result Count = 0    (0)
RULECHECK SAB_1 ........................ TOTAL Result Count = 0    (0)
RULECHECK SAB_2 ........................ TOTAL Result Count = 0    (0)
RULECHECK SAB_3 ........................ TOTAL Result Count = 0    (0)
RULECHECK SAB_4 ........................ TOTAL Result Count = 0    (0)
RULECHECK SAB_5 ........................ TOTAL Result Count = 0    (0)
RULECHECK SAB_6 ........................ TOTAL Result Count = 0    (0)
RULECHECK SAB_7 ........................ TOTAL Result Count = 0    (0)
RULECHECK SAB_8 ........................ TOTAL Result Count = 0    (0)
RULECHECK SAB_10 ....................... TOTAL Result Count = 0    (0)
RULECHECK SAB_10a ...................... TOTAL Result Count = 0    (0)
RULECHECK SAB_11 ....................... TOTAL Result Count = 0    (0)
RULECHECK SAB_16_R_OFF ................. NOT EXECUTED
RULECHECK CT_1 ......................... TOTAL Result Count = 0    (0)
RULECHECK CT_1a ........................ TOTAL Result Count = 0    (0)
RULECHECK CT_2 ......................... TOTAL Result Count = 0    (0)
RULECHECK CT_2a ........................ TOTAL Result Count = 0    (0)
RULECHECK SRCT_2a ...................... TOTAL Result Count = 0    (0)
RULECHECK SRCT_102 ..................... TOTAL Result Count = 0    (0)
RULECHECK CT_3 ......................... TOTAL Result Count = 0    (0)
RULECHECK CT_3_R_OFF ................... NOT EXECUTED
RULECHECK CT_3a ........................ TOTAL Result Count = 0    (0)
RULECHECK CT_4 ......................... TOTAL Result Count = 0    (0)
RULECHECK CT_4_R_OFF ................... NOT EXECUTED
RULECHECK SRCT_4 ....................... TOTAL Result Count = 0    (0)
RULECHECK CT_5 ......................... TOTAL Result Count = 0    (0)
RULECHECK CT_5_R_OFF ................... NOT EXECUTED
RULECHECK SRCT_5 ....................... TOTAL Result Count = 0    (0)
RULECHECK CT_5a ........................ TOTAL Result Count = 0    (0)
RULECHECK CT_5b ........................ TOTAL Result Count = 0    (0)
RULECHECK CT_6abd ...................... TOTAL Result Count = 0    (0)
RULECHECK CT_6acd ...................... TOTAL Result Count = 0    (0)
RULECHECK CT_7ab ....................... TOTAL Result Count = 0    (0)
RULECHECK CT_8 ......................... TOTAL Result Count = 0    (0)
RULECHECK CT_10 ........................ TOTAL Result Count = 0    (0)
RULECHECK CT_12 ........................ TOTAL Result Count = 0    (0)
RULECHECK CT_13 ........................ TOTAL Result Count = 0    (0)
RULECHECK CT_20 ........................ TOTAL Result Count = 0    (0)
RULECHECK CT_21 ........................ TOTAL Result Count = 0    (0)
RULECHECK SRRCT_101_102 ................ TOTAL Result Count = 0    (0)
RULECHECK SRRCT_103 .................... TOTAL Result Count = 0    (0)
RULECHECK SRRCT_104c ................... TOTAL Result Count = 0    (0)
RULECHECK SRRCT_106 .................... TOTAL Result Count = 0    (0)
RULECHECK SRRCT_106a ................... TOTAL Result Count = 0    (0)
RULECHECK SRRCT_107 .................... TOTAL Result Count = 0    (0)
RULECHECK SRRCT_107a ................... TOTAL Result Count = 0    (0)
RULECHECK SRRCT_108 .................... TOTAL Result Count = 0    (0)
RULECHECK M1_1 ......................... TOTAL Result Count = 0    (0)
RULECHECK M1_1_R_OFF ................... NOT EXECUTED
RULECHECK M1_2 ......................... TOTAL Result Count = 0    (0)
RULECHECK M1_3 ......................... TOTAL Result Count = 82   (82)
RULECHECK M1_3_R_OFF ................... NOT EXECUTED
RULECHECK M1_3a ........................ TOTAL Result Count = 0    (0)
RULECHECK M1_3b ........................ TOTAL Result Count = 0    (0)
RULECHECK SRM1_3sa ..................... TOTAL Result Count = 0    (0)
RULECHECK M1_4 ......................... TOTAL Result Count = 0    (0)
RULECHECK SRM1_4 ....................... TOTAL Result Count = 0    (0)
RULECHECK M1_5 ......................... TOTAL Result Count = 164  (164)
RULECHECK M1_6 ......................... TOTAL Result Count = 0    (0)
RULECHECK M1_6_R_OFF ................... NOT EXECUTED
RULECHECK M1_6a ........................ TOTAL Result Count = 0    (0)
RULECHECK M1_6b ........................ TOTAL Result Count = 0    (0)
RULECHECK M1_6c ........................ TOTAL Result Count = 0    (0)
RULECHECK M1_7a ........................ TOTAL Result Count = 0    (0)
RULECHECK M1_7a_R_OFF .................. NOT EXECUTED
RULECHECK M1_7bc_AA .................... TOTAL Result Count = 0    (0)
RULECHECK M1_7bc_GT .................... TOTAL Result Count = 0    (0)
RULECHECK M1_7e ........................ TOTAL Result Count = 0    (0)
RULECHECK SRM1_7ab ..................... TOTAL Result Count = 0    (0)
RULECHECK M1_8_density ................. TOTAL Result Count = 1000 (1000)
RULECHECK M1_8a_density ................ TOTAL Result Count = 0    (0)
RULECHECK M1_8b_density ................ TOTAL Result Count = 0    (0)
RULECHECK M1_8c_density ................ TOTAL Result Count = 0    (0)
RULECHECK M1_8d_density ................ TOTAL Result Count = 1000 (2548)
RULECHECK M1_9 ......................... TOTAL Result Count = 0    (0)
RULECHECK M1_10 ........................ TOTAL Result Count = 0    (0)
RULECHECK M1_13 ........................ TOTAL Result Count = 0    (0)
RULECHECK M1_14 ........................ TOTAL Result Count = 0    (0)
RULECHECK M1_15_density ................ TOTAL Result Count = 0    (0)
RULECHECK M1_16 ........................ TOTAL Result Count = 0    (0)
RULECHECK M1_17 ........................ TOTAL Result Count = 0    (0)
RULECHECK M1_18 ........................ TOTAL Result Count = 0    (0)
RULECHECK M1_19 ........................ TOTAL Result Count = 0    (0)
RULECHECK M1_20 ........................ TOTAL Result Count = 0    (0)
RULECHECK V1_1 ......................... TOTAL Result Count = 0    (0)
RULECHECK V1_2 ......................... TOTAL Result Count = 0    (0)
RULECHECK V1_2a ........................ TOTAL Result Count = 0    (0)
RULECHECK V1_2b ........................ TOTAL Result Count = 0    (0)
RULECHECK V1_3 ......................... TOTAL Result Count = 0    (0)
RULECHECK V1_5 ......................... TOTAL Result Count = 0    (0)
RULECHECK V1_5_R_OFF ................... NOT EXECUTED
RULECHECK V1_5a ........................ TOTAL Result Count = 0    (0)
RULECHECK V1_6abc ...................... TOTAL Result Count = 0    (0)
RULECHECK SRV1_6ac ..................... TOTAL Result Count = 0    (0)
RULECHECK V1_7abc ...................... TOTAL Result Count = 0    (0)
RULECHECK V1_8 ......................... TOTAL Result Count = 0    (0)
RULECHECK V1_9 ......................... TOTAL Result Count = 0    (0)
RULECHECK V1_10 ........................ TOTAL Result Count = 0    (0)
RULECHECK V1_16 ........................ TOTAL Result Count = 0    (0)
RULECHECK V1_17 ........................ TOTAL Result Count = 0    (0)
RULECHECK V1_17a ....................... TOTAL Result Count = 0    (0)
RULECHECK V1_17b ....................... TOTAL Result Count = 0    (0)
RULECHECK V1_18 ........................ TOTAL Result Count = 0    (0)
RULECHECK V1_19 ........................ TOTAL Result Count = 0    (0)
RULECHECK V1_20 ........................ TOTAL Result Count = 0    (0)
RULECHECK V1_21 ........................ TOTAL Result Count = 0    (0)
RULECHECK V1_22 ........................ TOTAL Result Count = 0    (0)
RULECHECK M2_1 ......................... TOTAL Result Count = 0    (0)
RULECHECK M2_1_R_OFF ................... NOT EXECUTED
RULECHECK M2_2 ......................... TOTAL Result Count = 0    (0)
RULECHECK M2_3 ......................... TOTAL Result Count = 0    (0)
RULECHECK M2_3_R_OFF ................... NOT EXECUTED
RULECHECK M2_3a ........................ TOTAL Result Count = 0    (0)
RULECHECK M2_3b ........................ TOTAL Result Count = 0    (0)
RULECHECK SRM2_3 ....................... TOTAL Result Count = 0    (0)
RULECHECK M2_4 ......................... TOTAL Result Count = 0    (0)
RULECHECK SRM2_4 ....................... TOTAL Result Count = 0    (0)
RULECHECK M2_5 ......................... TOTAL Result Count = 0    (0)
RULECHECK M2_6 ......................... TOTAL Result Count = 0    (0)
RULECHECK M2_6_R_OFF ................... NOT EXECUTED
RULECHECK M2_6a ........................ TOTAL Result Count = 0    (0)
RULECHECK M2_6b ........................ TOTAL Result Count = 0    (0)
RULECHECK M2_6c ........................ TOTAL Result Count = 0    (0)
RULECHECK M2_7_density ................. TOTAL Result Count = 0    (0)
RULECHECK M2_7a_density ................ TOTAL Result Count = 0    (0)
RULECHECK M2_7b_density ................ TOTAL Result Count = 0    (0)
RULECHECK M2_7c_density ................ TOTAL Result Count = 0    (0)
RULECHECK M2_7d_R_density_ON ........... TOTAL Result Count = 0    (0)
RULECHECK M2_7e_R_density_ON ........... TOTAL Result Count = 0    (0)
RULECHECK M2_7f_density ................ TOTAL Result Count = 1000 (2548)
RULECHECK M2_8 ......................... TOTAL Result Count = 0    (0)
RULECHECK M2_9 ......................... TOTAL Result Count = 0    (0)
RULECHECK M2_11 ........................ TOTAL Result Count = 0    (0)
RULECHECK M2_12_R_OFF .................. NOT EXECUTED
RULECHECK M2_14_density ................ TOTAL Result Count = 0    (0)
RULECHECK M2_15 ........................ TOTAL Result Count = 0    (0)
RULECHECK M2_17 ........................ TOTAL Result Count = 0    (0)
RULECHECK M2_18 ........................ TOTAL Result Count = 0    (0)
RULECHECK M2_19 ........................ TOTAL Result Count = 0    (0)
RULECHECK M2_20 ........................ TOTAL Result Count = 0    (0)
RULECHECK M3_1 ......................... TOTAL Result Count = 0    (0)
RULECHECK M3_1_R_OFF ................... NOT EXECUTED
RULECHECK M3_2 ......................... TOTAL Result Count = 0    (0)
RULECHECK M3_3 ......................... TOTAL Result Count = 0    (0)
RULECHECK M3_3_R_OFF ................... NOT EXECUTED
RULECHECK M3_3a ........................ TOTAL Result Count = 0    (0)
RULECHECK M3_3b ........................ TOTAL Result Count = 0    (0)
RULECHECK M3_4 ......................... TOTAL Result Count = 0    (0)
RULECHECK M3_5 ......................... TOTAL Result Count = 0    (0)
RULECHECK M3_6 ......................... TOTAL Result Count = 0    (0)
RULECHECK M3_6_R_OFF ................... NOT EXECUTED
RULECHECK M3_6a ........................ TOTAL Result Count = 0    (0)
RULECHECK M3_6b ........................ TOTAL Result Count = 0    (0)
RULECHECK M3_6c ........................ TOTAL Result Count = 0    (0)
RULECHECK M3_7_density ................. TOTAL Result Count = 1000 (1000)
RULECHECK M3_7a_density ................ TOTAL Result Count = 0    (0)
RULECHECK M3_7b_density ................ TOTAL Result Count = 0    (0)
RULECHECK M3_7c_density ................ TOTAL Result Count = 0    (0)
RULECHECK M3_7d_R_density_ON ........... TOTAL Result Count = 0    (0)
RULECHECK M3_7e_R_density_ON ........... TOTAL Result Count = 0    (0)
RULECHECK M3_7f_density ................ TOTAL Result Count = 1000 (2548)
RULECHECK M3_8 ......................... TOTAL Result Count = 0    (0)
RULECHECK M3_9 ......................... TOTAL Result Count = 0    (0)
RULECHECK M3_11 ........................ TOTAL Result Count = 0    (0)
RULECHECK M3_12_R_OFF .................. NOT EXECUTED
RULECHECK M3_13_M1M2M3_density_R_OFF ... NOT EXECUTED
RULECHECK M3_14_density ................ TOTAL Result Count = 29   (29)
RULECHECK M3_15 ........................ TOTAL Result Count = 1000 (1000)
RULECHECK M3_16_M1M2M3_density ......... TOTAL Result Count = 0    (0)
RULECHECK M3_17 ........................ TOTAL Result Count = 0    (0)
RULECHECK M3_18 ........................ TOTAL Result Count = 0    (0)
RULECHECK M3_19 ........................ TOTAL Result Count = 0    (0)
RULECHECK M3_20 ........................ TOTAL Result Count = 0    (0)
RULECHECK M4_1 ......................... TOTAL Result Count = 0    (0)
RULECHECK M4_1_R_OFF ................... NOT EXECUTED
RULECHECK M4_2 ......................... TOTAL Result Count = 0    (0)
RULECHECK M4_3 ......................... TOTAL Result Count = 0    (0)
RULECHECK M4_3_R_OFF ................... NOT EXECUTED
RULECHECK M4_3a ........................ TOTAL Result Count = 0    (0)
RULECHECK M4_3b ........................ TOTAL Result Count = 0    (0)
RULECHECK M4_4 ......................... TOTAL Result Count = 0    (0)
RULECHECK M4_5 ......................... TOTAL Result Count = 0    (0)
RULECHECK M4_6 ......................... TOTAL Result Count = 0    (0)
RULECHECK M4_6_R_OFF ................... NOT EXECUTED
RULECHECK M4_6a ........................ TOTAL Result Count = 0    (0)
RULECHECK M4_6b ........................ TOTAL Result Count = 0    (0)
RULECHECK M4_6c ........................ TOTAL Result Count = 0    (0)
RULECHECK M4_7_density ................. TOTAL Result Count = 1000 (1000)
RULECHECK M4_7f_density ................ TOTAL Result Count = 1000 (2548)
RULECHECK M4_7a_density ................ TOTAL Result Count = 0    (0)
RULECHECK M4_7b_density ................ TOTAL Result Count = 0    (0)
RULECHECK M4_7c_density ................ TOTAL Result Count = 0    (0)
RULECHECK M4_7d_R_density_ON ........... TOTAL Result Count = 0    (0)
RULECHECK M4_7e_R_density_ON ........... TOTAL Result Count = 0    (0)
RULECHECK M4_8 ......................... TOTAL Result Count = 0    (0)
RULECHECK M4_9 ......................... TOTAL Result Count = 0    (0)
RULECHECK M4_11 ........................ TOTAL Result Count = 0    (0)
RULECHECK M4_12_R_OFF .................. NOT EXECUTED
RULECHECK M4_13_M2M3M4_density_R_OFF ... NOT EXECUTED
RULECHECK M4_14_density ................ TOTAL Result Count = 35   (35)
RULECHECK M4_15 ........................ TOTAL Result Count = 1000 (1000)
RULECHECK M4_16_M2M3M4_density ......... TOTAL Result Count = 0    (0)
RULECHECK M4_17 ........................ TOTAL Result Count = 0    (0)
RULECHECK M4_18 ........................ TOTAL Result Count = 0    (0)
RULECHECK M4_19 ........................ TOTAL Result Count = 0    (0)
RULECHECK M4_20 ........................ TOTAL Result Count = 0    (0)
RULECHECK M5_1 ......................... TOTAL Result Count = 0    (0)
RULECHECK M5_1_R_OFF ................... NOT EXECUTED
RULECHECK M5_2 ......................... TOTAL Result Count = 0    (0)
RULECHECK M5_3 ......................... TOTAL Result Count = 0    (0)
RULECHECK M5_3_R_OFF ................... NOT EXECUTED
RULECHECK M5_3a ........................ TOTAL Result Count = 0    (0)
RULECHECK M5_3b ........................ TOTAL Result Count = 0    (0)
RULECHECK M5_4 ......................... TOTAL Result Count = 0    (0)
RULECHECK M5_5 ......................... TOTAL Result Count = 0    (0)
RULECHECK M5_6 ......................... TOTAL Result Count = 0    (0)
RULECHECK M5_6_R_OFF ................... NOT EXECUTED
RULECHECK M5_6a ........................ TOTAL Result Count = 0    (0)
RULECHECK M5_6b ........................ TOTAL Result Count = 0    (0)
RULECHECK M5_6c ........................ TOTAL Result Count = 0    (0)
RULECHECK M5_7_density ................. TOTAL Result Count = 1000 (2548)
RULECHECK M5_7f_density ................ TOTAL Result Count = 1000 (2548)
RULECHECK M5_7a_density ................ TOTAL Result Count = 0    (0)
RULECHECK M5_7b_density ................ TOTAL Result Count = 0    (0)
RULECHECK M5_7c_density ................ TOTAL Result Count = 0    (0)
RULECHECK M5_7d_R_density_ON ........... TOTAL Result Count = 0    (0)
RULECHECK M5_7e_R_density_ON ........... TOTAL Result Count = 0    (0)
RULECHECK M5_8 ......................... TOTAL Result Count = 0    (0)
RULECHECK M5_9 ......................... TOTAL Result Count = 0    (0)
RULECHECK M5_11 ........................ TOTAL Result Count = 0    (0)
RULECHECK M5_12_R_OFF .................. NOT EXECUTED
RULECHECK M5_13_M3M4M5_density_R_OFF ... NOT EXECUTED
RULECHECK M5_14_density ................ TOTAL Result Count = 75   (120)
RULECHECK M5_15 ........................ TOTAL Result Count = 1000 (2053)
RULECHECK M5_16_M3M4M5_density ......... TOTAL Result Count = 137  (137)
RULECHECK M5_17 ........................ TOTAL Result Count = 0    (0)
RULECHECK M5_18 ........................ TOTAL Result Count = 0    (0)
RULECHECK M5_19 ........................ TOTAL Result Count = 0    (0)
RULECHECK M5_20 ........................ TOTAL Result Count = 0    (0)
RULECHECK M6_1 ......................... TOTAL Result Count = 0    (0)
RULECHECK M6_1_R_OFF ................... NOT EXECUTED
RULECHECK M6_2 ......................... TOTAL Result Count = 0    (0)
RULECHECK M6_3 ......................... TOTAL Result Count = 0    (0)
RULECHECK M6_3_R_OFF ................... NOT EXECUTED
RULECHECK M6_3a ........................ TOTAL Result Count = 0    (0)
RULECHECK M6_3b ........................ TOTAL Result Count = 0    (0)
RULECHECK M6_4 ......................... TOTAL Result Count = 0    (0)
RULECHECK M6_5 ......................... TOTAL Result Count = 0    (0)
RULECHECK M6_6 ......................... TOTAL Result Count = 0    (0)
RULECHECK M6_6_R_OFF ................... NOT EXECUTED
RULECHECK M6_6a ........................ TOTAL Result Count = 0    (0)
RULECHECK M6_6b ........................ TOTAL Result Count = 0    (0)
RULECHECK M6_6c ........................ TOTAL Result Count = 0    (0)
RULECHECK M6_7_density ................. TOTAL Result Count = 1000 (2548)
RULECHECK M6_7f_density ................ TOTAL Result Count = 1000 (2548)
RULECHECK M6_7a_density ................ TOTAL Result Count = 0    (0)
RULECHECK M6_7b_density ................ TOTAL Result Count = 0    (0)
RULECHECK M6_7c_density ................ TOTAL Result Count = 0    (0)
RULECHECK M6_7d_R_density_ON ........... TOTAL Result Count = 0    (0)
RULECHECK M6_7e_R_density_ON ........... TOTAL Result Count = 0    (0)
RULECHECK M6_8 ......................... TOTAL Result Count = 0    (0)
RULECHECK M6_9 ......................... TOTAL Result Count = 0    (0)
RULECHECK M6_11 ........................ TOTAL Result Count = 0    (0)
RULECHECK M6_12_R_OFF .................. NOT EXECUTED
RULECHECK M6_13_M4M5M6_density_R_OFF ... NOT EXECUTED
RULECHECK M6_14_density ................ TOTAL Result Count = 22   (40)
RULECHECK M6_15 ........................ TOTAL Result Count = 911  (2072)
RULECHECK M6_16_M4M5M6_density ......... TOTAL Result Count = 140  (140)
RULECHECK M6_17 ........................ TOTAL Result Count = 0    (0)
RULECHECK M6_18 ........................ TOTAL Result Count = 0    (0)
RULECHECK M6_19 ........................ TOTAL Result Count = 0    (0)
RULECHECK M6_20 ........................ TOTAL Result Count = 0    (0)
RULECHECK V2_1 ......................... TOTAL Result Count = 0    (0)
RULECHECK V2_2 ......................... TOTAL Result Count = 0    (0)
RULECHECK V2_2a ........................ TOTAL Result Count = 0    (0)
RULECHECK V2_2b ........................ TOTAL Result Count = 0    (0)
RULECHECK V2_3 ......................... TOTAL Result Count = 0    (0)
RULECHECK V2_5 ......................... TOTAL Result Count = 0    (0)
RULECHECK V2_5_R_OFF ................... NOT EXECUTED
RULECHECK V2_5a ........................ TOTAL Result Count = 0    (0)
RULECHECK V2_6abc ...................... TOTAL Result Count = 0    (0)
RULECHECK SRV2_6 ....................... TOTAL Result Count = 0    (0)
RULECHECK V2_7abc ...................... TOTAL Result Count = 0    (0)
RULECHECK V2_8 ......................... TOTAL Result Count = 0    (0)
RULECHECK V2_9 ......................... TOTAL Result Count = 0    (0)
RULECHECK V2_10 ........................ TOTAL Result Count = 0    (0)
RULECHECK V2_16 ........................ TOTAL Result Count = 0    (0)
RULECHECK V2_17 ........................ TOTAL Result Count = 0    (0)
RULECHECK V2_17a ....................... TOTAL Result Count = 0    (0)
RULECHECK V2_17b ....................... TOTAL Result Count = 0    (0)
RULECHECK V2_18 ........................ TOTAL Result Count = 0    (0)
RULECHECK V2_19 ........................ TOTAL Result Count = 0    (0)
RULECHECK V2_20 ........................ TOTAL Result Count = 0    (0)
RULECHECK V2_21 ........................ TOTAL Result Count = 0    (0)
RULECHECK V2_22_R_OFF .................. NOT EXECUTED
RULECHECK V2_23_R_OFF .................. NOT EXECUTED
RULECHECK V2_24 ........................ TOTAL Result Count = 0    (0)
RULECHECK V3_1 ......................... TOTAL Result Count = 0    (0)
RULECHECK V3_2 ......................... TOTAL Result Count = 0    (0)
RULECHECK V3_2a ........................ TOTAL Result Count = 0    (0)
RULECHECK V3_2b ........................ TOTAL Result Count = 0    (0)
RULECHECK V3_3 ......................... TOTAL Result Count = 0    (0)
RULECHECK V3_5 ......................... TOTAL Result Count = 0    (0)
RULECHECK V3_5_R_OFF ................... NOT EXECUTED
RULECHECK V3_5a ........................ TOTAL Result Count = 0    (0)
RULECHECK V3_6abc ...................... TOTAL Result Count = 0    (0)
RULECHECK V3_7abc ...................... TOTAL Result Count = 0    (0)
RULECHECK V3_8 ......................... TOTAL Result Count = 0    (0)
RULECHECK V3_9 ......................... TOTAL Result Count = 0    (0)
RULECHECK V3_10 ........................ TOTAL Result Count = 0    (0)
RULECHECK V3_16 ........................ TOTAL Result Count = 0    (0)
RULECHECK V3_17 ........................ TOTAL Result Count = 0    (0)
RULECHECK V3_17a ....................... TOTAL Result Count = 0    (0)
RULECHECK V3_17b ....................... TOTAL Result Count = 0    (0)
RULECHECK V3_18 ........................ TOTAL Result Count = 0    (0)
RULECHECK V3_19 ........................ TOTAL Result Count = 0    (0)
RULECHECK V3_20 ........................ TOTAL Result Count = 0    (0)
RULECHECK V3_21 ........................ TOTAL Result Count = 0    (0)
RULECHECK V3_22_R_OFF .................. NOT EXECUTED
RULECHECK V3_23_R_OFF .................. NOT EXECUTED
RULECHECK V3_24 ........................ TOTAL Result Count = 0    (0)
RULECHECK V4_1 ......................... TOTAL Result Count = 0    (0)
RULECHECK V4_2 ......................... TOTAL Result Count = 0    (0)
RULECHECK V4_2a ........................ TOTAL Result Count = 0    (0)
RULECHECK V4_2b ........................ TOTAL Result Count = 0    (0)
RULECHECK V4_3 ......................... TOTAL Result Count = 0    (0)
RULECHECK V4_5 ......................... TOTAL Result Count = 0    (0)
RULECHECK V4_5_R_OFF ................... NOT EXECUTED
RULECHECK V4_5a ........................ TOTAL Result Count = 0    (0)
RULECHECK V4_6abc ...................... TOTAL Result Count = 0    (0)
RULECHECK V4_7abc ...................... TOTAL Result Count = 0    (0)
RULECHECK V4_8 ......................... TOTAL Result Count = 0    (0)
RULECHECK V4_9 ......................... TOTAL Result Count = 0    (0)
RULECHECK V4_10 ........................ TOTAL Result Count = 0    (0)
RULECHECK V4_16 ........................ TOTAL Result Count = 0    (0)
RULECHECK V4_17 ........................ TOTAL Result Count = 0    (0)
RULECHECK V4_17a ....................... TOTAL Result Count = 0    (0)
RULECHECK V4_17b ....................... TOTAL Result Count = 0    (0)
RULECHECK V4_18 ........................ TOTAL Result Count = 0    (0)
RULECHECK V4_19 ........................ TOTAL Result Count = 0    (0)
RULECHECK V4_20 ........................ TOTAL Result Count = 0    (0)
RULECHECK V4_21 ........................ TOTAL Result Count = 0    (0)
RULECHECK V4_22_R_OFF .................. NOT EXECUTED
RULECHECK V4_23_R_OFF .................. NOT EXECUTED
RULECHECK V4_24 ........................ TOTAL Result Count = 0    (0)
RULECHECK V5_1 ......................... TOTAL Result Count = 0    (0)
RULECHECK V5_2 ......................... TOTAL Result Count = 0    (0)
RULECHECK V5_2a ........................ TOTAL Result Count = 0    (0)
RULECHECK V5_2b ........................ TOTAL Result Count = 0    (0)
RULECHECK V5_3 ......................... TOTAL Result Count = 0    (0)
RULECHECK V5_5 ......................... TOTAL Result Count = 0    (0)
RULECHECK V5_5_R_OFF ................... NOT EXECUTED
RULECHECK V5_5a ........................ TOTAL Result Count = 0    (0)
RULECHECK V5_6abc ...................... TOTAL Result Count = 0    (0)
RULECHECK V5_7abc ...................... TOTAL Result Count = 0    (0)
RULECHECK V5_8 ......................... TOTAL Result Count = 0    (0)
RULECHECK V5_9 ......................... TOTAL Result Count = 0    (0)
RULECHECK V5_10 ........................ TOTAL Result Count = 0    (0)
RULECHECK V5_16 ........................ TOTAL Result Count = 0    (0)
RULECHECK V5_17 ........................ TOTAL Result Count = 0    (0)
RULECHECK V5_17a ....................... TOTAL Result Count = 0    (0)
RULECHECK V5_17b ....................... TOTAL Result Count = 0    (0)
RULECHECK V5_18 ........................ TOTAL Result Count = 0    (0)
RULECHECK V5_19 ........................ TOTAL Result Count = 0    (0)
RULECHECK V5_20 ........................ TOTAL Result Count = 0    (0)
RULECHECK V5_21 ........................ TOTAL Result Count = 0    (0)
RULECHECK V5_22_R_OFF .................. NOT EXECUTED
RULECHECK V5_23_R_OFF .................. NOT EXECUTED
RULECHECK V5_24 ........................ TOTAL Result Count = 0    (0)
RULECHECK TV1_1 ........................ TOTAL Result Count = 0    (0)
RULECHECK TV1_2 ........................ TOTAL Result Count = 0    (0)
RULECHECK TV1_3 ........................ TOTAL Result Count = 0    (0)
RULECHECK TV1_4_5 ...................... TOTAL Result Count = 0    (0)
RULECHECK TV1_13 ....................... TOTAL Result Count = 0    (0)
RULECHECK TV1_17 ....................... TOTAL Result Count = 0    (0)
RULECHECK TV1_18 ....................... TOTAL Result Count = 0    (0)
RULECHECK TV1_15 ....................... TOTAL Result Count = 0    (0)
RULECHECK TV1_16 ....................... TOTAL Result Count = 0    (0)
RULECHECK TV1_19 ....................... TOTAL Result Count = 0    (0)
RULECHECK TM1_1 ........................ TOTAL Result Count = 0    (0)
RULECHECK TM1_2 ........................ TOTAL Result Count = 0    (0)
RULECHECK TM1_3_4 ...................... TOTAL Result Count = 0    (0)
RULECHECK TM1_5 ........................ TOTAL Result Count = 0    (0)
RULECHECK TM1_7 ........................ TOTAL Result Count = 0    (0)
RULECHECK TM1_8 ........................ TOTAL Result Count = 0    (0)
RULECHECK TM1_9 ........................ TOTAL Result Count = 0    (0)
RULECHECK TM1_10_a_density ............. TOTAL Result Count = 2    (2)
RULECHECK TM1_10_b_density ............. TOTAL Result Count = 0    (0)
RULECHECK TM1_10a_density .............. TOTAL Result Count = 0    (0)
RULECHECK TM1_11_density ............... TOTAL Result Count = 0    (0)
RULECHECK TM1_12_density ............... TOTAL Result Count = 0    (0)
RULECHECK TM1_13 ....................... TOTAL Result Count = 0    (0)
RULECHECK TV2_1 ........................ TOTAL Result Count = 0    (0)
RULECHECK TV2_2 ........................ TOTAL Result Count = 0    (0)
RULECHECK TV2_3 ........................ TOTAL Result Count = 0    (0)
RULECHECK TV2_4_5 ...................... TOTAL Result Count = 0    (0)
RULECHECK TV2_13_14 .................... TOTAL Result Count = 0    (0)
RULECHECK TV2_15 ....................... TOTAL Result Count = 0    (0)
RULECHECK TV2_16 ....................... TOTAL Result Count = 0    (0)
RULECHECK TV2_17 ....................... TOTAL Result Count = 0    (0)
RULECHECK TV2_18 ....................... TOTAL Result Count = 0    (0)
RULECHECK TV2_19 ....................... TOTAL Result Count = 0    (0)
RULECHECK TM2_1 ........................ TOTAL Result Count = 0    (0)
RULECHECK TM2_2 ........................ TOTAL Result Count = 0    (0)
RULECHECK TM2_3_4 ...................... TOTAL Result Count = 0    (0)
RULECHECK TM2_5 ........................ TOTAL Result Count = 0    (0)
RULECHECK TM2_7 ........................ TOTAL Result Count = 0    (0)
RULECHECK TM2_8 ........................ TOTAL Result Count = 0    (0)
RULECHECK TM2_9 ........................ TOTAL Result Count = 0    (0)
RULECHECK TM2_10_a_density ............. TOTAL Result Count = 2    (2)
RULECHECK TM2_10_b_density ............. TOTAL Result Count = 0    (0)
RULECHECK TM2_10a_density .............. TOTAL Result Count = 0    (0)
RULECHECK TM2_11_density ............... TOTAL Result Count = 0    (0)
RULECHECK TM2_12 ....................... TOTAL Result Count = 0    (0)
RULECHECK ALPA_1 ....................... TOTAL Result Count = 0    (0)
RULECHECK ALPA_2 ....................... TOTAL Result Count = 0    (0)
RULECHECK ALPA_9_density ............... TOTAL Result Count = 1    (1)
RULECHECK ALPA_10_density .............. TOTAL Result Count = 0    (0)
RULECHECK ALPA_12 ...................... TOTAL Result Count = 1    (1)
RULECHECK PA_1 ......................... TOTAL Result Count = 0    (0)
RULECHECK PA_2 ......................... TOTAL Result Count = 0    (0)
RULECHECK PA_3 ......................... TOTAL Result Count = 0    (0)
RULECHECK PA_4 ......................... TOTAL Result Count = 0    (0)
RULECHECK PA_10 ........................ TOTAL Result Count = 0    (0)
RULECHECK PA_11 ........................ TOTAL Result Count = 0    (0)
RULECHECK MD_1 ......................... TOTAL Result Count = 0    (0)
RULECHECK MD_2 ......................... TOTAL Result Count = 0    (0)
RULECHECK MD_3 ......................... TOTAL Result Count = 0    (0)
RULECHECK MD_4_R_OFF ................... NOT EXECUTED
RULECHECK MD_5 ......................... TOTAL Result Count = 0    (0)
RULECHECK MD_6_R_OFF ................... NOT EXECUTED
RULECHECK MD_8 ......................... TOTAL Result Count = 0    (0)
RULECHECK MD_10 ........................ TOTAL Result Count = 1    (1)
RULECHECK MD_11 ........................ TOTAL Result Count = 0    (0)
RULECHECK ESD_1 ........................ TOTAL Result Count = 0    (0)
RULECHECK ESD_2 ........................ TOTAL Result Count = 0    (0)
RULECHECK ESD_3 ........................ TOTAL Result Count = 0    (0)
RULECHECK ESD_4 ........................ TOTAL Result Count = 0    (0)
RULECHECK ESD_5 ........................ TOTAL Result Count = 0    (0)
RULECHECK ESD_6 ........................ TOTAL Result Count = 0    (0)
RULECHECK ESD_7 ........................ TOTAL Result Count = 0    (0)
RULECHECK ESD_9 ........................ TOTAL Result Count = 0    (0)
RULECHECK ESD_9a_R_OFF ................. NOT EXECUTED
RULECHECK HRP_2 ........................ TOTAL Result Count = 0    (0)
RULECHECK HRP_3_4 ...................... TOTAL Result Count = 0    (0)
RULECHECK HRP_5 ........................ TOTAL Result Count = 0    (0)
RULECHECK HRP_7 ........................ TOTAL Result Count = 0    (0)
RULECHECK HRP_9 ........................ TOTAL Result Count = 0    (0)
RULECHECK HRP_11 ....................... TOTAL Result Count = 0    (0)
RULECHECK HRP_12 ....................... TOTAL Result Count = 0    (0)
RULECHECK HRP_13 ....................... TOTAL Result Count = 0    (0)
RULECHECK EFU_1b_G ..................... TOTAL Result Count = 0    (0)
RULECHECK EFU_1c_G ..................... TOTAL Result Count = 0    (0)
RULECHECK EFU_2b_G ..................... TOTAL Result Count = 0    (0)
RULECHECK EFU_2c_G ..................... TOTAL Result Count = 0    (0)
RULECHECK DUMC_2 ....................... TOTAL Result Count = 0    (0)
RULECHECK DUMC_5 ....................... TOTAL Result Count = 0    (0)
RULECHECK DUMC_6 ....................... TOTAL Result Count = 0    (0)
RULECHECK DUMC_7 ....................... TOTAL Result Count = 0    (0)
RULECHECK DUMC_8 ....................... TOTAL Result Count = 0    (0)
RULECHECK DUMC_10 ...................... TOTAL Result Count = 0    (0)
RULECHECK DUMC_11 ...................... TOTAL Result Count = 0    (0)
RULECHECK DUMC_12 ...................... TOTAL Result Count = 0    (0)
RULECHECK DUMC_13 ...................... TOTAL Result Count = 0    (0)
RULECHECK DUMC_14 ...................... TOTAL Result Count = 0    (0)
RULECHECK DUMC_15 ...................... TOTAL Result Count = 0    (0)
RULECHECK DUMC_15a ..................... TOTAL Result Count = 0    (0)
RULECHECK DUMC_16 ...................... TOTAL Result Count = 0    (0)
RULECHECK DUMC_17 ...................... TOTAL Result Count = 0    (0)
RULECHECK DUMC_18 ...................... TOTAL Result Count = 0    (0)
RULECHECK DUMC_19 ...................... TOTAL Result Count = 0    (0)
RULECHECK DUMC_20_M1 ................... TOTAL Result Count = 0    (0)
RULECHECK DUMC_20_M2 ................... TOTAL Result Count = 0    (0)
RULECHECK DUMC_20_M3 ................... TOTAL Result Count = 0    (0)
RULECHECK DUMC_20_M4 ................... TOTAL Result Count = 0    (0)
RULECHECK DUMC_20_M5 ................... TOTAL Result Count = 0    (0)
RULECHECK DUMC_20_M6 ................... TOTAL Result Count = 0    (0)
RULECHECK DUMC_20_M7 ................... TOTAL Result Count = 0    (0)
RULECHECK DUMC_20_M8 ................... TOTAL Result Count = 0    (0)
RULECHECK DUMC_21_M1 ................... TOTAL Result Count = 0    (0)
RULECHECK DUMC_21_M2 ................... TOTAL Result Count = 0    (0)
RULECHECK DUMC_21_M3 ................... TOTAL Result Count = 0    (0)
RULECHECK DUMC_21_M4 ................... TOTAL Result Count = 0    (0)
RULECHECK DUMC_21_M5 ................... TOTAL Result Count = 0    (0)
RULECHECK DUMC_21_M6 ................... TOTAL Result Count = 0    (0)
RULECHECK DUMC_21_M7 ................... TOTAL Result Count = 0    (0)
RULECHECK DUMC_21_M8 ................... TOTAL Result Count = 0    (0)
RULECHECK DUMC_21a_M1 .................. TOTAL Result Count = 0    (0)
RULECHECK DUMC_21a_M2 .................. TOTAL Result Count = 0    (0)
RULECHECK DUMC_21a_M3 .................. TOTAL Result Count = 0    (0)
RULECHECK DUMC_21a_M4 .................. TOTAL Result Count = 0    (0)
RULECHECK DUMC_21a_M5 .................. TOTAL Result Count = 0    (0)
RULECHECK DUMC_21a_M6 .................. TOTAL Result Count = 0    (0)
RULECHECK DUMC_21a_M7 .................. TOTAL Result Count = 0    (0)
RULECHECK DUMC_21a_M8 .................. TOTAL Result Count = 0    (0)
RULECHECK DUMC_22 ...................... TOTAL Result Count = 0    (0)
RULECHECK DUMC_23_24_V1 ................ TOTAL Result Count = 0    (0)
RULECHECK DUMC_23_24_V2 ................ TOTAL Result Count = 0    (0)
RULECHECK DUMC_23_24_V3 ................ TOTAL Result Count = 0    (0)
RULECHECK DUMC_23_24_V4 ................ TOTAL Result Count = 0    (0)
RULECHECK DUMC_23_24_V5 ................ TOTAL Result Count = 0    (0)
RULECHECK DUMC_23_24_V6 ................ TOTAL Result Count = 0    (0)
RULECHECK DUMC_23_24_V7 ................ TOTAL Result Count = 0    (0)
RULECHECK DUMC_25_a_b_V1 ............... TOTAL Result Count = 0    (0)
RULECHECK DUMC_25_a_b_V2 ............... TOTAL Result Count = 0    (0)
RULECHECK DUMC_25_a_b_V3 ............... TOTAL Result Count = 0    (0)
RULECHECK DUMC_25_a_b_V4 ............... TOTAL Result Count = 0    (0)
RULECHECK DUMC_25_a_b_V5 ............... TOTAL Result Count = 0    (0)
RULECHECK DUMC_25_a_b_V6 ............... TOTAL Result Count = 0    (0)
RULECHECK DUMC_25_a_b_V7 ............... TOTAL Result Count = 0    (0)
RULECHECK DUMC_26 ...................... TOTAL Result Count = 0    (0)
RULECHECK DUMC_27 ...................... TOTAL Result Count = 0    (0)
RULECHECK DUMC_28 ...................... TOTAL Result Count = 0    (0)
RULECHECK DUMC_29 ...................... TOTAL Result Count = 0    (0)
RULECHECK DUMC_30_M1_density ........... TOTAL Result Count = 0    (0)
RULECHECK DUMC_30_M2_density ........... TOTAL Result Count = 0    (0)
RULECHECK DUMC_30_M3_density ........... TOTAL Result Count = 0    (0)
RULECHECK DUMC_30_M4_density ........... TOTAL Result Count = 0    (0)
RULECHECK DUMC_30_M5_density ........... TOTAL Result Count = 0    (0)
RULECHECK DUMC_30_M6_density ........... TOTAL Result Count = 0    (0)
RULECHECK DUMC_30_M7_density ........... TOTAL Result Count = 0    (0)
RULECHECK DUMC_30_M8_density ........... TOTAL Result Count = 0    (0)
RULECHECK DUMC_30_TM1_density .......... TOTAL Result Count = 0    (0)
RULECHECK DUMC_30_TM2_density .......... TOTAL Result Count = 0    (0)
RULECHECK DUMC_31 ...................... TOTAL Result Count = 0    (0)
RULECHECK DUMC_32 ...................... TOTAL Result Count = 0    (0)
RULECHECK DUMC_33_M1 ................... TOTAL Result Count = 0    (0)
RULECHECK DUMC_33_M2 ................... TOTAL Result Count = 0    (0)
RULECHECK DUMC_33_M3 ................... TOTAL Result Count = 0    (0)
RULECHECK DUMC_33_M4 ................... TOTAL Result Count = 0    (0)
RULECHECK DUMC_33_M5 ................... TOTAL Result Count = 0    (0)
RULECHECK DUMC_33_M6 ................... TOTAL Result Count = 0    (0)
RULECHECK DUMC_33_M7 ................... TOTAL Result Count = 0    (0)
RULECHECK DUMC_33_M8 ................... TOTAL Result Count = 0    (0)
RULECHECK DUMC_34 ...................... TOTAL Result Count = 0    (0)
RULECHECK DUMC_35 ...................... TOTAL Result Count = 0    (0)
RULECHECK DUMC_36 ...................... TOTAL Result Count = 0    (0)
RULECHECK DUMC_37 ...................... TOTAL Result Count = 0    (0)
RULECHECK DUMC_40 ...................... TOTAL Result Count = 0    (0)
RULECHECK ULVT_1 ....................... TOTAL Result Count = 0    (0)
RULECHECK ULVT_2 ....................... TOTAL Result Count = 0    (0)
RULECHECK ULVT_4 ....................... TOTAL Result Count = 0    (0)
RULECHECK ULVT_6 ....................... TOTAL Result Count = 0    (0)
RULECHECK ULVT_7 ....................... TOTAL Result Count = 0    (0)
RULECHECK ULVT_8 ....................... TOTAL Result Count = 0    (0)
RULECHECK ULVT_9 ....................... TOTAL Result Count = 0    (0)
RULECHECK GRC_1 ........................ TOTAL Result Count = 0    (0)
RULECHECK GRC_2_V1 ..................... TOTAL Result Count = 0    (0)
RULECHECK GRC_2_V2 ..................... TOTAL Result Count = 0    (0)
RULECHECK GRC_2_V3 ..................... TOTAL Result Count = 0    (0)
RULECHECK GRC_2_V4 ..................... TOTAL Result Count = 0    (0)
RULECHECK GRC_2_V5 ..................... TOTAL Result Count = 0    (0)
RULECHECK GRC_2_V6 ..................... TOTAL Result Count = 0    (0)
RULECHECK GRC_2_V7 ..................... TOTAL Result Count = 0    (0)
RULECHECK GRC_3_TV1 .................... TOTAL Result Count = 0    (0)
RULECHECK GRC_3_TV2 .................... TOTAL Result Count = 0    (0)
RULECHECK GRC_4 ........................ TOTAL Result Count = 0    (0)
RULECHECK GRC_5 ........................ TOTAL Result Count = 0    (0)
RULECHECK GRC_6 ........................ TOTAL Result Count = 0    (0)
RULECHECK GRC_7_M1 ..................... TOTAL Result Count = 0    (0)
RULECHECK GRC_7_M2 ..................... TOTAL Result Count = 0    (0)
RULECHECK GRC_7_M3 ..................... TOTAL Result Count = 0    (0)
RULECHECK GRC_7_M4 ..................... TOTAL Result Count = 0    (0)
RULECHECK GRC_7_M5 ..................... TOTAL Result Count = 0    (0)
RULECHECK GRC_7_M6 ..................... TOTAL Result Count = 0    (0)
RULECHECK GRC_7_M7 ..................... TOTAL Result Count = 0    (0)
RULECHECK GRC_7_M8 ..................... TOTAL Result Count = 0    (0)
RULECHECK GRC_8a_M1 .................... TOTAL Result Count = 0    (0)
RULECHECK GRC_8a_M2 .................... TOTAL Result Count = 0    (0)
RULECHECK GRC_8a_M3 .................... TOTAL Result Count = 0    (0)
RULECHECK GRC_8a_M4 .................... TOTAL Result Count = 0    (0)
RULECHECK GRC_8a_M5 .................... TOTAL Result Count = 0    (0)
RULECHECK GRC_8a_M6 .................... TOTAL Result Count = 0    (0)
RULECHECK GRC_8a_M7 .................... TOTAL Result Count = 0    (0)
RULECHECK GRC_8a_M8 .................... TOTAL Result Count = 0    (0)
RULECHECK GRC_8b_TM1 ................... TOTAL Result Count = 0    (0)
RULECHECK GRC_8b_TM2 ................... TOTAL Result Count = 0    (0)
RULECHECK GRC_8b_MTT2 .................. TOTAL Result Count = 0    (0)
RULECHECK GRC_8c_TM1 ................... TOTAL Result Count = 0    (0)
RULECHECK GRC_8c_TM2 ................... TOTAL Result Count = 0    (0)
RULECHECK GRC_8c_MTT2 .................. TOTAL Result Count = 0    (0)
RULECHECK GRC_9_M1 ..................... TOTAL Result Count = 0    (0)
RULECHECK GRC_9_M2 ..................... TOTAL Result Count = 0    (0)
RULECHECK GRC_9_M3 ..................... TOTAL Result Count = 0    (0)
RULECHECK GRC_9_M4 ..................... TOTAL Result Count = 0    (0)
RULECHECK GRC_9_M5 ..................... TOTAL Result Count = 0    (0)
RULECHECK GRC_9_M6 ..................... TOTAL Result Count = 0    (0)
RULECHECK GRC_9_M7 ..................... TOTAL Result Count = 0    (0)
RULECHECK GRC_9_M8 ..................... TOTAL Result Count = 0    (0)
RULECHECK GRC_9_TM1 .................... TOTAL Result Count = 0    (0)
RULECHECK GRC_9_TM2 .................... TOTAL Result Count = 0    (0)
RULECHECK GRC_10 ....................... TOTAL Result Count = 0    (0)
RULECHECK GRC_11_M1 .................... TOTAL Result Count = 0    (0)
RULECHECK GRC_11_M2 .................... TOTAL Result Count = 0    (0)
RULECHECK GRC_11_M3 .................... TOTAL Result Count = 0    (0)
RULECHECK GRC_11_M4 .................... TOTAL Result Count = 0    (0)
RULECHECK GRC_11_M5 .................... TOTAL Result Count = 0    (0)
RULECHECK GRC_11_M6 .................... TOTAL Result Count = 0    (0)
RULECHECK GRC_11_M7 .................... TOTAL Result Count = 0    (0)
RULECHECK GRC_11_M8 .................... TOTAL Result Count = 0    (0)
RULECHECK GRC_12_TM1 ................... TOTAL Result Count = 0    (0)
RULECHECK GRC_12_TM2 ................... TOTAL Result Count = 0    (0)
RULECHECK GRC_12_MTT2 .................. TOTAL Result Count = 0    (0)
RULECHECK SRDevice_1 ................... TOTAL Result Count = 0    (0)
RULECHECK SRDEV_SP299_PD_W ............. TOTAL Result Count = 0    (0)
RULECHECK SRDEV_SP299_PD_L ............. TOTAL Result Count = 0    (0)
RULECHECK SRDEV_SP299_PG_W ............. TOTAL Result Count = 0    (0)
RULECHECK SRDEV_SP299_PG_L ............. TOTAL Result Count = 0    (0)
RULECHECK SRDEV_SP299_PU_W ............. TOTAL Result Count = 0    (0)
RULECHECK SRDEV_SP299_PU_L ............. TOTAL Result Count = 0    (0)
RULECHECK SRDEV_SP374_PD_W ............. TOTAL Result Count = 0    (0)
RULECHECK SRDEV_SP374_PD_L ............. TOTAL Result Count = 0    (0)
RULECHECK SRDEV_SP374_PG_W ............. TOTAL Result Count = 0    (0)
RULECHECK SRDEV_SP374_PG_L ............. TOTAL Result Count = 0    (0)
RULECHECK SRDEV_SP374_PU_W ............. TOTAL Result Count = 0    (0)
RULECHECK SRDEV_SP374_PU_L ............. TOTAL Result Count = 0    (0)
RULECHECK SRDEV_DP589_PD_W ............. TOTAL Result Count = 0    (0)
RULECHECK SRDEV_DP589_PD_L ............. TOTAL Result Count = 0    (0)
RULECHECK SRDEV_DP589_PG_W ............. TOTAL Result Count = 0    (0)
RULECHECK SRDEV_DP589_PG_L ............. TOTAL Result Count = 0    (0)
RULECHECK SRDEV_DP589_PU_W ............. TOTAL Result Count = 0    (0)
RULECHECK SRDEV_DP589_PU_L ............. TOTAL Result Count = 0    (0)
RULECHECK SRDEV_DP741_PD_W ............. TOTAL Result Count = 0    (0)
RULECHECK SRDEV_DP741_PD_L ............. TOTAL Result Count = 0    (0)
RULECHECK SRDEV_DP741_PG_W ............. TOTAL Result Count = 0    (0)
RULECHECK SRDEV_DP741_PG_L ............. TOTAL Result Count = 0    (0)
RULECHECK SRDEV_DP741_PU_W ............. TOTAL Result Count = 0    (0)
RULECHECK SRDEV_DP741_PU_L ............. TOTAL Result Count = 0    (0)
RULECHECK SRMarker_4 ................... TOTAL Result Count = 0    (0)
RULECHECK SRMarker_5 ................... TOTAL Result Count = 0    (0)
RULECHECK SRMarker_6 ................... TOTAL Result Count = 0    (0)
RULECHECK SRMarker_8 ................... TOTAL Result Count = 0    (0)
RULECHECK SRMarker_9 ................... TOTAL Result Count = 0    (0)
RULECHECK IND_R_6_G_density ............ TOTAL Result Count = 0    (0)
RULECHECK IND_R_7_G_M1_density ......... TOTAL Result Count = 0    (0)
RULECHECK IND_R_7_G_M2_density ......... TOTAL Result Count = 0    (0)
RULECHECK IND_R_8_G_M1_density ......... TOTAL Result Count = 1000 (2548)
RULECHECK IND_R_8_G_M2_density ......... TOTAL Result Count = 1000 (2548)
RULECHECK IND_R_7_G_M3_density ......... TOTAL Result Count = 0    (0)
RULECHECK IND_R_7_G_M4_density ......... TOTAL Result Count = 0    (0)
RULECHECK IND_R_7_G_M5_density ......... TOTAL Result Count = 0    (0)
RULECHECK IND_R_7_G_M6_density ......... TOTAL Result Count = 0    (0)
RULECHECK IND_R_8_G_M3_density ......... TOTAL Result Count = 1000 (2548)
RULECHECK IND_R_8_G_M4_density ......... TOTAL Result Count = 1000 (2548)
RULECHECK IND_R_8_G_M5_density ......... TOTAL Result Count = 1000 (2548)
RULECHECK IND_R_8_G_M6_density ......... TOTAL Result Count = 1000 (2548)
RULECHECK IND_R_8_G_TM1_density ........ TOTAL Result Count = 0    (0)
RULECHECK IND_R_9_G_l_TM1_density ...... TOTAL Result Count = 2    (2)
RULECHECK IND_R_9_G_h_TM1_density ...... TOTAL Result Count = 0    (0)
RULECHECK IND_R_8_G_TM2_density ........ TOTAL Result Count = 0    (0)
RULECHECK IND_R_9_G_l_TM2_density ...... TOTAL Result Count = 2    (2)
RULECHECK IND_R_9_G_h_TM2_density ...... TOTAL Result Count = 0    (0)
RULECHECK IND_R_10_G_density ........... TOTAL Result Count = 0    (0)
RULECHECK MOM_4_G ...................... TOTAL Result Count = 0    (0)
RULECHECK MOM_5_G ...................... TOTAL Result Count = 0    (0)
RULECHECK MOM_6_G ...................... TOTAL Result Count = 0    (0)
RULECHECK LOGO_1_G_AA .................. TOTAL Result Count = 0    (0)
RULECHECK LOGO_1_G_GT .................. TOTAL Result Count = 0    (0)
RULECHECK LOGO_1_G_M1 .................. TOTAL Result Count = 0    (0)
RULECHECK LOGO_1_G_M2 .................. TOTAL Result Count = 0    (0)
RULECHECK LOGO_1_G_M3 .................. TOTAL Result Count = 0    (0)
RULECHECK LOGO_1_G_M4 .................. TOTAL Result Count = 0    (0)
RULECHECK LOGO_1_G_M5 .................. TOTAL Result Count = 0    (0)
RULECHECK LOGO_1_G_M6 .................. TOTAL Result Count = 0    (0)
RULECHECK LOGO_1_G_M7 .................. TOTAL Result Count = 0    (0)
RULECHECK LOGO_1_G_M8 .................. TOTAL Result Count = 0    (0)
RULECHECK LOGO_1_G_TM1 ................. TOTAL Result Count = 0    (0)
RULECHECK LOGO_1_G_TM2 ................. TOTAL Result Count = 0    (0)
RULECHECK LOGO_2_G ..................... TOTAL Result Count = 0    (0)
RULECHECK Convention_1 ................. TOTAL Result Count = 2    (2)
RULECHECK Convention_2 ................. TOTAL Result Count = 0    (0)
RULECHECK Convention_3 ................. TOTAL Result Count = 0    (0)
RULECHECK LU_1_G ....................... TOTAL Result Count = 0    (0)
RULECHECK LU_2_G ....................... TOTAL Result Count = 0    (0)
RULECHECK LU_3_3a_G .................... TOTAL Result Count = 0    (0)
RULECHECK LU_3_3b_G .................... TOTAL Result Count = 0    (0)
RULECHECK LU_3_3c_G .................... TOTAL Result Count = 0    (0)
RULECHECK LU_3_3d_G .................... TOTAL Result Count = 0    (0)
RULECHECK LU_3_3e_G .................... TOTAL Result Count = 0    (0)
RULECHECK LU_4_NTAP_G .................. TOTAL Result Count = 0    (0)
RULECHECK LU_4_PTAP_G .................. TOTAL Result Count = 0    (0)
RULECHECK GRC_13 ....................... TOTAL Result Count = 0    (0)
RULECHECK WBPAD_1 ...................... TOTAL Result Count = 0    (0)
RULECHECK WBPAD_2 ...................... TOTAL Result Count = 0    (0)
RULECHECK WBPAD_3 ...................... TOTAL Result Count = 0    (0)
RULECHECK WBPAD_4 ...................... TOTAL Result Count = 0    (0)
RULECHECK WBPAD_5 ...................... TOTAL Result Count = 0    (0)
RULECHECK WBPAD_6 ...................... TOTAL Result Count = 0    (0)
RULECHECK WBPAD_7 ...................... TOTAL Result Count = 0    (0)
RULECHECK WBPAD_8_MD_R_OFF ............. NOT EXECUTED
RULECHECK WBPAD_8_ALPA_R_OFF ........... NOT EXECUTED
RULECHECK WBPAD_8_PA_R_OFF ............. NOT EXECUTED
RULECHECK WBPAD_8_TM2_R_OFF ............ NOT EXECUTED
RULECHECK WBPAD_8_TM1_R_OFF ............ NOT EXECUTED
RULECHECK WBPAD_9 ...................... TOTAL Result Count = 0    (0)
RULECHECK WBPAD_10 ..................... TOTAL Result Count = 0    (0)
----------------------------------------------------------------------------------
--- SUMMARY
---
TOTAL CPU Time:                  906
TOTAL REAL Time:                 197
TOTAL Original Layer Geometries: 7363294 (252533925)
TOTAL DRC RuleChecks Executed:   925
TOTAL DRC Results Generated:     21640 (9292293)
