

==================================================================================
=== CALIBRE::DRC-H SUMMARY REPORT
===
Execution Date/Time:       Mon Oct 13 18:30:16 2025
Calibre Version:           v2022.4_28.13    Tue Nov 1 14:48:34 PDT 2022
Rule File Pathname:        _SMIC_CalDRC_40GELGLL_0911121825_2TM_V1.12.1_0.drc_
Rule File Title:           
Layout System:             GDS
Layout Path(s):            top.calibre.db
Layout Primary Cell:       top
Current Directory:         /home/master/Desktop/04_pv/drc/work
User Name:                 master
Maximum Results/RuleCheck: 1000
Maximum Result Vertices:   4096
DRC Results Database:      top.drc.results (ASCII)
Layout Depth:              ALL
Text Depth:                PRIMARY
Summary Report File:       top.drc.summary (REPLACE)
Geometry Flagging:         ACUTE = YES  SKEW = YES  ANGLED = NO  OFFGRID = YES
                           NONSIMPLE POLYGON = YES  NONSIMPLE PATH = NO
Excluded Cells:           
CheckText Mapping:         COMMENT TEXT + RULE FILE INFORMATION
Layers:                    MEMORY-BASED
Keep Empty Checks:         YES
----------------------------------------------------------------------------------
--- RUNTIME WARNINGS
---
Maximum result count of 1000 exceeded in DRC RuleCheck M1_8_density.
Maximum result count of 1000 exceeded in DRC RuleCheck M1_8d_density.
Maximum result count of 1000 exceeded in DRC RuleCheck V1_1.
Maximum result count of 1000 exceeded in DRC RuleCheck V1_2.
Maximum result count of 1000 exceeded in DRC RuleCheck M2_7f_density.
Maximum result count of 1000 exceeded in DRC RuleCheck M3_7_density.
Maximum result count of 1000 exceeded in DRC RuleCheck M3_7f_density.
MAXIMUM RDB limit 1000 reached for output layer M3_15::X.
Maximum result count of 1000 exceeded in DRC RuleCheck M3_15.
Maximum result count of 1000 exceeded in DRC RuleCheck M4_7_density.
Maximum result count of 1000 exceeded in DRC RuleCheck M4_7f_density.
MAXIMUM RDB limit 1000 reached for output layer M4_15::X.
Maximum result count of 1000 exceeded in DRC RuleCheck M4_15.
Maximum result count of 1000 exceeded in DRC RuleCheck M5_7_density.
Maximum result count of 1000 exceeded in DRC RuleCheck M5_7f_density.
MAXIMUM RDB limit 1000 reached for output layer M5_14_density::X.
MAXIMUM RDB limit 1000 reached for output layer M5_15::X.
Maximum result count of 1000 exceeded in DRC RuleCheck M5_15.
MAXIMUM RDB limit 1000 reached for output layer M5_16_M3M4M5_density::OUT1.
Maximum result count of 1000 exceeded in DRC RuleCheck M6_7_density.
Maximum result count of 1000 exceeded in DRC RuleCheck M6_7f_density.
MAXIMUM RDB limit 1000 reached for output layer M6_15::X.
Maximum result count of 1000 exceeded in DRC RuleCheck M6_15.
MAXIMUM RDB limit 1000 reached for output layer M6_16_M4M5M6_density::OUT1.
Maximum result count of 1000 exceeded in DRC RuleCheck IND_R_8_G_M1_density.
Maximum result count of 1000 exceeded in DRC RuleCheck IND_R_8_G_M2_density.
Maximum result count of 1000 exceeded in DRC RuleCheck IND_R_8_G_M3_density.
Maximum result count of 1000 exceeded in DRC RuleCheck IND_R_8_G_M4_density.
Maximum result count of 1000 exceeded in DRC RuleCheck IND_R_8_G_M5_density.
Maximum result count of 1000 exceeded in DRC RuleCheck IND_R_8_G_M6_density.
Maximum result count of 1000 exceeded in DRC RuleCheck IND_R_8_G_TM1_density.
Maximum result count of 1000 exceeded in DRC RuleCheck IND_R_8_G_TM2_density.
----------------------------------------------------------------------------------
--- ORIGINAL LAYER STATISTICS
---
LAYER MARKS ..... TOTAL Original Geometry Count = 0     (0)
LAYER M1DOP ..... TOTAL Original Geometry Count = 0     (0)
LAYER M1DUMi .... TOTAL Original Geometry Count = 0     (0)
LAYER M2DOP ..... TOTAL Original Geometry Count = 0     (0)
LAYER M2DUMi .... TOTAL Original Geometry Count = 0     (0)
LAYER M3DOP ..... TOTAL Original Geometry Count = 0     (0)
LAYER M3DUMi .... TOTAL Original Geometry Count = 0     (0)
LAYER M4DOP ..... TOTAL Original Geometry Count = 0     (0)
LAYER M4DUMi .... TOTAL Original Geometry Count = 0     (0)
LAYER M5DOP ..... TOTAL Original Geometry Count = 0     (0)
LAYER M5DUMi .... TOTAL Original Geometry Count = 0     (0)
LAYER M6DOP ..... TOTAL Original Geometry Count = 0     (0)
LAYER M6DUMi .... TOTAL Original Geometry Count = 0     (0)
LAYER M7DOP ..... TOTAL Original Geometry Count = 0     (0)
LAYER M7DUMi .... TOTAL Original Geometry Count = 0     (0)
LAYER M8DOP ..... TOTAL Original Geometry Count = 0     (0)
LAYER M8DUMi .... TOTAL Original Geometry Count = 0     (0)
LAYER V1DOP ..... TOTAL Original Geometry Count = 0     (0)
LAYER V1DUMi .... TOTAL Original Geometry Count = 0     (0)
LAYER V2DOP ..... TOTAL Original Geometry Count = 0     (0)
LAYER V2DUMi .... TOTAL Original Geometry Count = 0     (0)
LAYER V3DOP ..... TOTAL Original Geometry Count = 0     (0)
LAYER V3DUMi .... TOTAL Original Geometry Count = 0     (0)
LAYER V4DOP ..... TOTAL Original Geometry Count = 0     (0)
LAYER V4DUMi .... TOTAL Original Geometry Count = 0     (0)
LAYER V5DOP ..... TOTAL Original Geometry Count = 0     (0)
LAYER V5DUMi .... TOTAL Original Geometry Count = 0     (0)
LAYER V6DOP ..... TOTAL Original Geometry Count = 0     (0)
LAYER V6DUMi .... TOTAL Original Geometry Count = 0     (0)
LAYER V7DOP ..... TOTAL Original Geometry Count = 0     (0)
LAYER V7DUMi .... TOTAL Original Geometry Count = 0     (0)
LAYER TM1DUMi ... TOTAL Original Geometry Count = 0     (0)
LAYER TM2DUMi ... TOTAL Original Geometry Count = 0     (0)
LAYER MTT2DMi ... TOTAL Original Geometry Count = 0     (0)
LAYER AAi ....... TOTAL Original Geometry Count = 4071  (26792553)
LAYER NWi ....... TOTAL Original Geometry Count = 1069  (5752162)
LAYER DNWi ...... TOTAL Original Geometry Count = 0     (0)
LAYER DGi ....... TOTAL Original Geometry Count = 0     (0)
LAYER GTi ....... TOTAL Original Geometry Count = 10900 (17341509)
LAYER SNi ....... TOTAL Original Geometry Count = 1723  (5870400)
LAYER SPi ....... TOTAL Original Geometry Count = 1381  (5828720)
LAYER SABi ...... TOTAL Original Geometry Count = 0     (0)
LAYER CTi ....... TOTAL Original Geometry Count = 39964 (36066919)
LAYER M1i ....... TOTAL Original Geometry Count = 47383 (28381529)
LAYER V1i ....... TOTAL Original Geometry Count = 19788 (34142551)
LAYER M2i ....... TOTAL Original Geometry Count = 95697 (22874195)
LAYER V2i ....... TOTAL Original Geometry Count = 3175  (11052961)
LAYER M3i ....... TOTAL Original Geometry Count = 74773 (17724529)
LAYER V3i ....... TOTAL Original Geometry Count = 2134  (1362564)
LAYER M4i ....... TOTAL Original Geometry Count = 34702 (1756504)
LAYER V4i ....... TOTAL Original Geometry Count = 34    (184949)
LAYER M5i ....... TOTAL Original Geometry Count = 2378  (66783)
LAYER V5i ....... TOTAL Original Geometry Count = 107   (181504)
LAYER M6i ....... TOTAL Original Geometry Count = 827   (37312)
LAYER V6i ....... TOTAL Original Geometry Count = 0     (0)
LAYER M7i ....... TOTAL Original Geometry Count = 0     (0)
LAYER V7i ....... TOTAL Original Geometry Count = 0     (0)
LAYER M8i ....... TOTAL Original Geometry Count = 0     (0)
LAYER TV1i ...... TOTAL Original Geometry Count = 4     (13142)
LAYER TM1i ...... TOTAL Original Geometry Count = 460   (13015)
LAYER TV2i ...... TOTAL Original Geometry Count = 4     (23948)
LAYER TM2i ...... TOTAL Original Geometry Count = 152   (6138)
LAYER MTT2i ..... TOTAL Original Geometry Count = 0     (0)
LAYER SDOPi ..... TOTAL Original Geometry Count = 8     (5324800)
LAYER TGi ....... TOTAL Original Geometry Count = 0     (0)
LAYER PSUBi ..... TOTAL Original Geometry Count = 0     (0)
LAYER HRPi ...... TOTAL Original Geometry Count = 0     (0)
LAYER ULVTi ..... TOTAL Original Geometry Count = 0     (0)
LAYER OCOVLi .... TOTAL Original Geometry Count = 0     (0)
LAYER DUPMK1i ... TOTAL Original Geometry Count = 0     (0)
LAYER ESD1i ..... TOTAL Original Geometry Count = 0     (0)
LAYER ALPAi ..... TOTAL Original Geometry Count = 0     (0)
LAYER BORDERi ... TOTAL Original Geometry Count = 730   (5806872)
LAYER RFSRAM .... TOTAL Original Geometry Count = 0     (0)
LAYER D2SRAM .... TOTAL Original Geometry Count = 0     (0)
LAYER LRSRAM .... TOTAL Original Geometry Count = 0     (0)
LAYER DNSRAM .... TOTAL Original Geometry Count = 28    (5372000)
LAYER AADUM ..... TOTAL Original Geometry Count = 0     (0)
LAYER GTDUM ..... TOTAL Original Geometry Count = 0     (0)
LAYER ALDUM ..... TOTAL Original Geometry Count = 0     (0)
LAYER HRPDMY .... TOTAL Original Geometry Count = 0     (0)
LAYER RESP1 ..... TOTAL Original Geometry Count = 0     (0)
LAYER RESNW ..... TOTAL Original Geometry Count = 0     (0)
LAYER PLRES ..... TOTAL Original Geometry Count = 0     (0)
LAYER M6R ....... TOTAL Original Geometry Count = 0     (0)
LAYER LDBK ...... TOTAL Original Geometry Count = 0     (0)
LAYER RESAA ..... TOTAL Original Geometry Count = 0     (0)
LAYER M1V15 ..... TOTAL Original Geometry Count = 0     (0)
LAYER M2V15 ..... TOTAL Original Geometry Count = 0     (0)
LAYER M3V15 ..... TOTAL Original Geometry Count = 0     (0)
LAYER M4V15 ..... TOTAL Original Geometry Count = 0     (0)
LAYER M5V15 ..... TOTAL Original Geometry Count = 0     (0)
LAYER M6V15 ..... TOTAL Original Geometry Count = 0     (0)
LAYER M1V18 ..... TOTAL Original Geometry Count = 0     (0)
LAYER M2V18 ..... TOTAL Original Geometry Count = 0     (0)
LAYER M3V18 ..... TOTAL Original Geometry Count = 0     (0)
LAYER M4V18 ..... TOTAL Original Geometry Count = 0     (0)
LAYER M5V18 ..... TOTAL Original Geometry Count = 0     (0)
LAYER M6V18 ..... TOTAL Original Geometry Count = 0     (0)
LAYER M1V25 ..... TOTAL Original Geometry Count = 0     (0)
LAYER M2V25 ..... TOTAL Original Geometry Count = 0     (0)
LAYER M3V25 ..... TOTAL Original Geometry Count = 0     (0)
LAYER M4V25 ..... TOTAL Original Geometry Count = 0     (0)
LAYER M5V25 ..... TOTAL Original Geometry Count = 0     (0)
LAYER M6V25 ..... TOTAL Original Geometry Count = 0     (0)
LAYER M1V33 ..... TOTAL Original Geometry Count = 0     (0)
LAYER M2V33 ..... TOTAL Original Geometry Count = 0     (0)
LAYER M3V33 ..... TOTAL Original Geometry Count = 0     (0)
LAYER M4V33 ..... TOTAL Original Geometry Count = 0     (0)
LAYER M5V33 ..... TOTAL Original Geometry Count = 0     (0)
LAYER M6V33 ..... TOTAL Original Geometry Count = 0     (0)
LAYER M1V50 ..... TOTAL Original Geometry Count = 0     (0)
LAYER M2V50 ..... TOTAL Original Geometry Count = 0     (0)
LAYER M3V50 ..... TOTAL Original Geometry Count = 0     (0)
LAYER M4V50 ..... TOTAL Original Geometry Count = 0     (0)
LAYER M5V50 ..... TOTAL Original Geometry Count = 0     (0)
LAYER M6V50 ..... TOTAL Original Geometry Count = 0     (0)
LAYER DIFRES .... TOTAL Original Geometry Count = 0     (0)
LAYER PA ........ TOTAL Original Geometry Count = 0     (0)
LAYER MD ........ TOTAL Original Geometry Count = 0     (0)
LAYER EMPTY2 .... TOTAL Original Geometry Count = 0     (0)
LAYER EMPTY ..... TOTAL Original Geometry Count = 0     (0)
LAYER PTCT ...... TOTAL Original Geometry Count = 0     (0)
LAYER LOGO ...... TOTAL Original Geometry Count = 0     (0)
LAYER DUMBM ..... TOTAL Original Geometry Count = 0     (0)
LAYER INST ...... TOTAL Original Geometry Count = 40    (15868000)
LAYER INDMY ..... TOTAL Original Geometry Count = 0     (0)
LAYER ESDIO2 .... TOTAL Original Geometry Count = 0     (0)
LAYER ESD5V ..... TOTAL Original Geometry Count = 0     (0)
LAYER EMPTY6 .... TOTAL Original Geometry Count = 0     (0)
LAYER VDDMK1 .... TOTAL Original Geometry Count = 0     (0)
LAYER VSSMK1 .... TOTAL Original Geometry Count = 0     (0)
LAYER OVERDR .... TOTAL Original Geometry Count = 0     (0)
LAYER SIOTP ..... TOTAL Original Geometry Count = 0     (0)
LAYER DUMBA ..... TOTAL Original Geometry Count = 1     (10)
LAYER VARMOS .... TOTAL Original Geometry Count = 0     (0)
LAYER HVT ....... TOTAL Original Geometry Count = 81    (331961)
LAYER LVT ....... TOTAL Original Geometry Count = 483   (16160)
LAYER CAPBP ..... TOTAL Original Geometry Count = 0     (0)
LAYER DSTR ...... TOTAL Original Geometry Count = 66    (1280)
LAYER DUMBP ..... TOTAL Original Geometry Count = 1     (10)
LAYER M1DUB ..... TOTAL Original Geometry Count = 1     (10)
LAYER M2DUB ..... TOTAL Original Geometry Count = 1     (10)
LAYER M3DUB ..... TOTAL Original Geometry Count = 1     (10)
LAYER M4DUB ..... TOTAL Original Geometry Count = 1     (10)

RULECHECK GT_26 ........................ TOTAL Result Count = 16   (9246720)

RULECHECK M1_3 ......................... TOTAL Result Count = 438  (438)
RULECHECK M1_3_R_OFF ................... NOT EXECUTED
RULECHECK M1_3a ........................ TOTAL Result Count = 0    (0)
RULECHECK M1_3b ........................ TOTAL Result Count = 0    (0)
RULECHECK SRM1_3sa ..................... TOTAL Result Count = 0    (0)
RULECHECK M1_4 ......................... TOTAL Result Count = 0    (0)
RULECHECK SRM1_4 ....................... TOTAL Result Count = 0    (0)
RULECHECK M1_5 ......................... TOTAL Result Count = 0    (0)
RULECHECK M1_6 ......................... TOTAL Result Count = 0    (0)
RULECHECK M1_6_R_OFF ................... NOT EXECUTED
RULECHECK M1_6a ........................ TOTAL Result Count = 0    (0)
RULECHECK M1_6b ........................ TOTAL Result Count = 0    (0)
RULECHECK M1_6c ........................ TOTAL Result Count = 0    (0)
RULECHECK M1_7a ........................ TOTAL Result Count = 0    (0)
RULECHECK M1_7a_R_OFF .................. NOT EXECUTED
RULECHECK M1_7bc_AA .................... TOTAL Result Count = 0    (0)
RULECHECK M1_7bc_GT .................... TOTAL Result Count = 0    (0)
RULECHECK M1_7e ........................ TOTAL Result Count = 0    (0)
RULECHECK SRM1_7ab ..................... TOTAL Result Count = 0    (0)
RULECHECK M1_8_density ................. TOTAL Result Count = 1000 (1000)
RULECHECK M1_8a_density ................ TOTAL Result Count = 0    (0)
RULECHECK M1_8b_density ................ TOTAL Result Count = 0    (0)
RULECHECK M1_8c_density ................ TOTAL Result Count = 0    (0)
RULECHECK M1_8d_density ................ TOTAL Result Count = 1000 (2620)
RULECHECK M1_9 ......................... TOTAL Result Count = 0    (0)
RULECHECK M1_10 ........................ TOTAL Result Count = 0    (0)
RULECHECK M1_13 ........................ TOTAL Result Count = 0    (0)
RULECHECK M1_14 ........................ TOTAL Result Count = 0    (0)
RULECHECK M1_15_density ................ TOTAL Result Count = 0    (0)
RULECHECK M1_16 ........................ TOTAL Result Count = 0    (0)
RULECHECK M1_17 ........................ TOTAL Result Count = 0    (0)
RULECHECK M1_18 ........................ TOTAL Result Count = 0    (0)
RULECHECK M1_19 ........................ TOTAL Result Count = 0    (0)
RULECHECK M1_20 ........................ TOTAL Result Count = 0    (0)
RULECHECK V1_1 ......................... TOTAL Result Count = 1000 (1000)
RULECHECK V1_2 ......................... TOTAL Result Count = 1000 (1000)
RULECHECK V1_2a ........................ TOTAL Result Count = 0    (0)
RULECHECK V1_2b ........................ TOTAL Result Count = 0    (0)
RULECHECK V1_3 ......................... TOTAL Result Count = 0    (0)
RULECHECK V1_5 ......................... TOTAL Result Count = 0    (0)
RULECHECK V1_5_R_OFF ................... NOT EXECUTED
RULECHECK V1_5a ........................ TOTAL Result Count = 0    (0)
RULECHECK V1_6abc ...................... TOTAL Result Count = 278  (278)
RULECHECK SRV1_6ac ..................... TOTAL Result Count = 0    (0)
RULECHECK V1_7abc ...................... TOTAL Result Count = 278  (278)

RULECHECK V1_19 ........................ TOTAL Result Count = 5    (5)

RULECHECK M2_3 ......................... TOTAL Result Count = 6    (6)

RULECHECK M2_5 ......................... TOTAL Result Count = 133  (133)

RULECHECK M2_7f_density ................ TOTAL Result Count = 1000 (2620)
RULECHECK M3_7_density ................. TOTAL Result Count = 1000 (1000)
RULECHECK M3_7f_density ................ TOTAL Result Count = 1000 (2620)
RULECHECK M3_14_density ................ TOTAL Result Count = 20   (20)
RULECHECK M3_15 ........................ TOTAL Result Count = 1000 (1000)
RULECHECK M4_7_density ................. TOTAL Result Count = 1000 (1000)
RULECHECK M4_7f_density ................ TOTAL Result Count = 1000 (2620)
RULECHECK M4_14_density ................ TOTAL Result Count = 35   (35)
RULECHECK M4_15 ........................ TOTAL Result Count = 1000 (1000)
RULECHECK M5_7_density ................. TOTAL Result Count = 1000 (2620)
RULECHECK M5_7f_density ................ TOTAL Result Count = 1000 (2620)
RULECHECK M5_14_density ................ TOTAL Result Count = 37   (82)
RULECHECK M5_15 ........................ TOTAL Result Count = 1000 (2125)
RULECHECK M5_16_M3M4M5_density ......... TOTAL Result Count = 56   (56)
RULECHECK M6_7_density ................. TOTAL Result Count = 1000 (2620)
RULECHECK M6_7f_density ................ TOTAL Result Count = 1000 (2620)
RULECHECK M6_14_density ................ TOTAL Result Count = 24   (33)
RULECHECK M6_15 ........................ TOTAL Result Count = 1000 (2242)
RULECHECK M6_16_M4M5M6_density ......... TOTAL Result Count = 398  (398)

----------------------------------------------------------------------------------
--- RULECHECK RESULTS STATISTICS (BY CELL)
---
CELL 45_299_strap_x1 .................... TOTAL Result Count = 4     (25600)
    RULECHECK GT_26 ..................... TOTAL Result Count = 4     (25600)
CELL 45_299_edge_x1 ..................... TOTAL Result Count = 2     (5120)
    RULECHECK GT_26 ..................... TOTAL Result Count = 2     (5120)
CELL RAMSP4096X16CNTRL .................. TOTAL Result Count = 18    (180)
    RULECHECK M1_8d_density ............. TOTAL Result Count = 1     (10)
    RULECHECK M2_7f_density ............. TOTAL Result Count = 1     (10)
    RULECHECK M3_7f_density ............. TOTAL Result Count = 1     (10)
    RULECHECK M4_7f_density ............. TOTAL Result Count = 1     (10)
    RULECHECK M5_7_density .............. TOTAL Result Count = 1     (10)
    RULECHECK M5_7f_density ............. TOTAL Result Count = 1     (10)
    RULECHECK M5_15 ..................... TOTAL Result Count = 1     (10)
    RULECHECK M6_7_density .............. TOTAL Result Count = 1     (10)
    RULECHECK M6_7f_density ............. TOTAL Result Count = 1     (10)
    RULECHECK M6_15 ..................... TOTAL Result Count = 1     (10)
    RULECHECK IND_R_8_G_M1_density ...... TOTAL Result Count = 1     (10)
    RULECHECK IND_R_8_G_M2_density ...... TOTAL Result Count = 1     (10)
    RULECHECK IND_R_8_G_M3_density ...... TOTAL Result Count = 1     (10)
    RULECHECK IND_R_8_G_M4_density ...... TOTAL Result Count = 1     (10)
    RULECHECK IND_R_8_G_M5_density ...... TOTAL Result Count = 1     (10)
    RULECHECK IND_R_8_G_M6_density ...... TOTAL Result Count = 1     (10)
    RULECHECK IND_R_8_G_TM1_density ..... TOTAL Result Count = 1     (10)
    RULECHECK IND_R_8_G_TM2_density ..... TOTAL Result Count = 1     (10)
CELL RAMSP4096X16IO_SLICE ............... TOTAL Result Count = 180   (1800)
    RULECHECK M1_8d_density ............. TOTAL Result Count = 10    (100)
    RULECHECK M2_7f_density ............. TOTAL Result Count = 10    (100)
    RULECHECK M3_7f_density ............. TOTAL Result Count = 10    (100)
    RULECHECK M4_7f_density ............. TOTAL Result Count = 10    (100)
    RULECHECK M5_7_density .............. TOTAL Result Count = 10    (100)
    RULECHECK M5_7f_density ............. TOTAL Result Count = 10    (100)
    RULECHECK M5_15 ..................... TOTAL Result Count = 10    (100)
    RULECHECK M6_7_density .............. TOTAL Result Count = 10    (100)
    RULECHECK M6_7f_density ............. TOTAL Result Count = 10    (100)
    RULECHECK M6_15 ..................... TOTAL Result Count = 10    (100)
    RULECHECK IND_R_8_G_M1_density ...... TOTAL Result Count = 10    (100)
    RULECHECK IND_R_8_G_M2_density ...... TOTAL Result Count = 10    (100)
    RULECHECK IND_R_8_G_M3_density ...... TOTAL Result Count = 10    (100)
    RULECHECK IND_R_8_G_M4_density ...... TOTAL Result Count = 10    (100)
    RULECHECK IND_R_8_G_M5_density ...... TOTAL Result Count = 10    (100)
    RULECHECK IND_R_8_G_M6_density ...... TOTAL Result Count = 10    (100)
    RULECHECK IND_R_8_G_TM1_density ..... TOTAL Result Count = 10    (100)
    RULECHECK IND_R_8_G_TM2_density ..... TOTAL Result Count = 10    (100)
CELL 45_299_edge_Y_arm1 ................. TOTAL Result Count = 2     (40960)
    RULECHECK GT_26 ..................... TOTAL Result Count = 2     (40960)
CELL Q299LL_H ........................... TOTAL Result Count = 6     (7864320)
    RULECHECK GT_26 ..................... TOTAL Result Count = 6     (7864320)
CELL 45_299_x1 .......................... TOTAL Result Count = 2     (1310720)
    RULECHECK GT_26 ..................... TOTAL Result Count = 2     (1310720)
CELL RAMSP4096X16MEMCORE_L .............. TOTAL Result Count = 1195  (11950)
    RULECHECK M1_8d_density ............. TOTAL Result Count = 69    (690)
    RULECHECK M2_7f_density ............. TOTAL Result Count = 69    (690)
    RULECHECK M3_7f_density ............. TOTAL Result Count = 69    (690)
    RULECHECK M4_7f_density ............. TOTAL Result Count = 69    (690)
    RULECHECK M5_7_density .............. TOTAL Result Count = 69    (690)
    RULECHECK M5_7f_density ............. TOTAL Result Count = 69    (690)
    RULECHECK M5_14_density ............. TOTAL Result Count = 1     (10)
    RULECHECK M5_15 ..................... TOTAL Result Count = 44    (440)
    RULECHECK M6_7_density .............. TOTAL Result Count = 69    (690)
    RULECHECK M6_7f_density ............. TOTAL Result Count = 69    (690)
    RULECHECK M6_15 ..................... TOTAL Result Count = 46    (460)
    RULECHECK IND_R_8_G_M1_density ...... TOTAL Result Count = 69    (690)
    RULECHECK IND_R_8_G_M2_density ...... TOTAL Result Count = 69    (690)
    RULECHECK IND_R_8_G_M3_density ...... TOTAL Result Count = 69    (690)
    RULECHECK IND_R_8_G_M4_density ...... TOTAL Result Count = 69    (690)
    RULECHECK IND_R_8_G_M5_density ...... TOTAL Result Count = 69    (690)
    RULECHECK IND_R_8_G_M6_density ...... TOTAL Result Count = 69    (690)
    RULECHECK IND_R_8_G_TM1_density ..... TOTAL Result Count = 69    (690)
    RULECHECK IND_R_8_G_TM2_density ..... TOTAL Result Count = 69    (690)
CELL RAMSP4096X16WDX64 .................. TOTAL Result Count = 18    (180)
    RULECHECK M1_8d_density ............. TOTAL Result Count = 1     (10)
    RULECHECK M2_7f_density ............. TOTAL Result Count = 1     (10)
    RULECHECK M3_7f_density ............. TOTAL Result Count = 1     (10)
    RULECHECK M4_7f_density ............. TOTAL Result Count = 1     (10)
    RULECHECK M5_7_density .............. TOTAL Result Count = 1     (10)
    RULECHECK M5_7f_density ............. TOTAL Result Count = 1     (10)
    RULECHECK M5_15 ..................... TOTAL Result Count = 1     (10)
    RULECHECK M6_7_density .............. TOTAL Result Count = 1     (10)
    RULECHECK M6_7f_density ............. TOTAL Result Count = 1     (10)
    RULECHECK M6_15 ..................... TOTAL Result Count = 1     (10)
    RULECHECK IND_R_8_G_M1_density ...... TOTAL Result Count = 1     (10)
    RULECHECK IND_R_8_G_M2_density ...... TOTAL Result Count = 1     (10)
    RULECHECK IND_R_8_G_M3_density ...... TOTAL Result Count = 1     (10)
    RULECHECK IND_R_8_G_M4_density ...... TOTAL Result Count = 1     (10)
    RULECHECK IND_R_8_G_M5_density ...... TOTAL Result Count = 1     (10)
    RULECHECK IND_R_8_G_M6_density ...... TOTAL Result Count = 1     (10)
    RULECHECK IND_R_8_G_TM1_density ..... TOTAL Result Count = 1     (10)
    RULECHECK IND_R_8_G_TM2_density ..... TOTAL Result Count = 1     (10)
CELL RAMSP4096X16WDDRVCOL ............... TOTAL Result Count = 515   (5150)
    RULECHECK M1_8d_density ............. TOTAL Result Count = 29    (290)
    RULECHECK M2_7f_density ............. TOTAL Result Count = 29    (290)
    RULECHECK M3_7f_density ............. TOTAL Result Count = 29    (290)
    RULECHECK M4_7f_density ............. TOTAL Result Count = 29    (290)
    RULECHECK M5_7_density .............. TOTAL Result Count = 29    (290)
    RULECHECK M5_7f_density ............. TOTAL Result Count = 29    (290)
    RULECHECK M5_15 ..................... TOTAL Result Count = 22    (220)
    RULECHECK M6_7_density .............. TOTAL Result Count = 29    (290)
    RULECHECK M6_7f_density ............. TOTAL Result Count = 29    (290)
    RULECHECK M6_15 ..................... TOTAL Result Count = 29    (290)
    RULECHECK IND_R_8_G_M1_density ...... TOTAL Result Count = 29    (290)
    RULECHECK IND_R_8_G_M2_density ...... TOTAL Result Count = 29    (290)
    RULECHECK IND_R_8_G_M3_density ...... TOTAL Result Count = 29    (290)
    RULECHECK IND_R_8_G_M4_density ...... TOTAL Result Count = 29    (290)
    RULECHECK IND_R_8_G_M5_density ...... TOTAL Result Count = 29    (290)
    RULECHECK IND_R_8_G_M6_density ...... TOTAL Result Count = 29    (290)
    RULECHECK IND_R_8_G_TM1_density ..... TOTAL Result Count = 29    (290)
    RULECHECK IND_R_8_G_TM2_density ..... TOTAL Result Count = 29    (290)
CELL RAMSP4096X16MEMCORE_R .............. TOTAL Result Count = 1195  (11950)
    RULECHECK M1_8d_density ............. TOTAL Result Count = 69    (690)
    RULECHECK M2_7f_density ............. TOTAL Result Count = 69    (690)
    RULECHECK M3_7f_density ............. TOTAL Result Count = 69    (690)
    RULECHECK M4_7f_density ............. TOTAL Result Count = 69    (690)
    RULECHECK M5_7_density .............. TOTAL Result Count = 69    (690)
    RULECHECK M5_7f_density ............. TOTAL Result Count = 69    (690)
    RULECHECK M5_14_density ............. TOTAL Result Count = 1     (10)
    RULECHECK M5_15 ..................... TOTAL Result Count = 44    (440)
    RULECHECK M6_7_density .............. TOTAL Result Count = 69    (690)
    RULECHECK M6_7f_density ............. TOTAL Result Count = 69    (690)
    RULECHECK M6_15 ..................... TOTAL Result Count = 46    (460)
    RULECHECK IND_R_8_G_M1_density ...... TOTAL Result Count = 69    (690)
    RULECHECK IND_R_8_G_M2_density ...... TOTAL Result Count = 69    (690)
    RULECHECK IND_R_8_G_M3_density ...... TOTAL Result Count = 69    (690)
    RULECHECK IND_R_8_G_M4_density ...... TOTAL Result Count = 69    (690)
    RULECHECK IND_R_8_G_M5_density ...... TOTAL Result Count = 69    (690)
    RULECHECK IND_R_8_G_M6_density ...... TOTAL Result Count = 69    (690)
    RULECHECK IND_R_8_G_TM1_density ..... TOTAL Result Count = 69    (690)
    RULECHECK IND_R_8_G_TM2_density ..... TOTAL Result Count = 69    (690)
CELL RAMSP4096X16 ....................... TOTAL Result Count = 28    (280)
    RULECHECK M1_8d_density ............. TOTAL Result Count = 1     (10)
    RULECHECK M2_7f_density ............. TOTAL Result Count = 1     (10)
    RULECHECK M3_7f_density ............. TOTAL Result Count = 1     (10)
    RULECHECK M4_7f_density ............. TOTAL Result Count = 1     (10)
    RULECHECK M5_7_density .............. TOTAL Result Count = 1     (10)
    RULECHECK M5_7f_density ............. TOTAL Result Count = 1     (10)
    RULECHECK M5_14_density ............. TOTAL Result Count = 3     (30)
    RULECHECK M5_15 ..................... TOTAL Result Count = 3     (30)
    RULECHECK M6_7_density .............. TOTAL Result Count = 1     (10)
    RULECHECK M6_7f_density ............. TOTAL Result Count = 1     (10)
    RULECHECK M6_14_density ............. TOTAL Result Count = 1     (10)
    RULECHECK M6_15 ..................... TOTAL Result Count = 5     (50)
    RULECHECK IND_R_8_G_M1_density ...... TOTAL Result Count = 1     (10)
    RULECHECK IND_R_8_G_M2_density ...... TOTAL Result Count = 1     (10)
    RULECHECK IND_R_8_G_M3_density ...... TOTAL Result Count = 1     (10)
    RULECHECK IND_R_8_G_M4_density ...... TOTAL Result Count = 1     (10)
    RULECHECK IND_R_8_G_M5_density ...... TOTAL Result Count = 1     (10)
    RULECHECK IND_R_8_G_M6_density ...... TOTAL Result Count = 1     (10)
    RULECHECK IND_R_8_G_TM1_density ..... TOTAL Result Count = 1     (10)
    RULECHECK IND_R_8_G_TM2_density ..... TOTAL Result Count = 1     (10)
CELL top ................................ TOTAL Result Count = 23578 (23578)
    RULECHECK M1_3 ...................... TOTAL Result Count = 438   (438)
    RULECHECK M1_8_density .............. TOTAL Result Count = 1000  (1000)
    RULECHECK M1_8d_density ............. TOTAL Result Count = 820   (820)
    RULECHECK V1_1 ...................... TOTAL Result Count = 1000  (1000)
    RULECHECK V1_2 ...................... TOTAL Result Count = 1000  (1000)
    RULECHECK V1_6abc ................... TOTAL Result Count = 278   (278)
    RULECHECK V1_7abc ................... TOTAL Result Count = 278   (278)
    RULECHECK V1_19 ..................... TOTAL Result Count = 5     (5)
    RULECHECK M2_3 ...................... TOTAL Result Count = 6     (6)
    RULECHECK M2_5 ...................... TOTAL Result Count = 133   (133)
    RULECHECK M2_7f_density ............. TOTAL Result Count = 820   (820)
    RULECHECK M3_7_density .............. TOTAL Result Count = 1000  (1000)
    RULECHECK M3_7f_density ............. TOTAL Result Count = 820   (820)
    RULECHECK M3_14_density ............. TOTAL Result Count = 20    (20)
    RULECHECK M3_15 ..................... TOTAL Result Count = 1000  (1000)
    RULECHECK M4_7_density .............. TOTAL Result Count = 1000  (1000)
    RULECHECK M4_7f_density ............. TOTAL Result Count = 820   (820)
    RULECHECK M4_14_density ............. TOTAL Result Count = 35    (35)
    RULECHECK M4_15 ..................... TOTAL Result Count = 1000  (1000)
    RULECHECK M5_7_density .............. TOTAL Result Count = 820   (820)
    RULECHECK M5_7f_density ............. TOTAL Result Count = 820   (820)
    RULECHECK M5_14_density ............. TOTAL Result Count = 32    (32)
    RULECHECK M5_15 ..................... TOTAL Result Count = 875   (875)
    RULECHECK M5_16_M3M4M5_density ...... TOTAL Result Count = 56    (56)
    RULECHECK M6_7_density .............. TOTAL Result Count = 820   (820)
    RULECHECK M6_7f_density ............. TOTAL Result Count = 820   (820)
    RULECHECK M6_14_density ............. TOTAL Result Count = 23    (23)
    RULECHECK M6_15 ..................... TOTAL Result Count = 862   (862)
    RULECHECK M6_16_M4M5M6_density ...... TOTAL Result Count = 398   (398)
    RULECHECK TM1_10_a_density .......... TOTAL Result Count = 4     (4)
    RULECHECK TM1_10a_density ........... TOTAL Result Count = 1     (1)
    RULECHECK TM2_10_a_density .......... TOTAL Result Count = 3     (3)
    RULECHECK TM2_10a_density ........... TOTAL Result Count = 1     (1)
    RULECHECK ALPA_9_density ............ TOTAL Result Count = 1     (1)
    RULECHECK ALPA_12 ................... TOTAL Result Count = 1     (1)
    RULECHECK MD_10 ..................... TOTAL Result Count = 1     (1)
    RULECHECK IND_R_8_G_M1_density ...... TOTAL Result Count = 820   (820)
    RULECHECK IND_R_8_G_M2_density ...... TOTAL Result Count = 820   (820)
    RULECHECK IND_R_8_G_M3_density ...... TOTAL Result Count = 820   (820)
    RULECHECK IND_R_8_G_M4_density ...... TOTAL Result Count = 820   (820)
    RULECHECK IND_R_8_G_M5_density ...... TOTAL Result Count = 820   (820)
    RULECHECK IND_R_8_G_M6_density ...... TOTAL Result Count = 820   (820)
    RULECHECK IND_R_8_G_TM1_density ..... TOTAL Result Count = 820   (820)
    RULECHECK IND_R_9_G_l_TM1_density ... TOTAL Result Count = 4     (4)
    RULECHECK IND_R_8_G_TM2_density ..... TOTAL Result Count = 820   (820)
    RULECHECK IND_R_9_G_l_TM2_density ... TOTAL Result Count = 3     (3)
----------------------------------------------------------------------------------
--- SUMMARY
---
TOTAL CPU Time:                  728
TOTAL REAL Time:                 732
TOTAL Original Layer Geometries: 342168 (248195020)
TOTAL DRC RuleChecks Executed:   925
TOTAL DRC Results Generated:     26743 (9301788)

